.. |rs232 base| image:: https://static-cdn.m5stack.com/resource/docs/products/atom/Atomic%20RS232%20Base/img-9e1d7b17-ff71-4099-b13c-22f3a5baf48e.webp
    :target: https://docs.m5stack.com/en/atom/Atomic%20RS232%20Base
    :height: 200px
    :width: 200px

.. |rs232| image:: https://static-cdn.m5stack.com/resource/docs/products/atom/atomic232/atomic232_01.webp
    :target: https://docs.m5stack.com/en/atom/atomic232
    :height: 200px
    :width: 200px

.. |init.png| image:: https://static-cdn.m5stack.com/mpy_docs/base/rs232/init.png
.. |any.png| image:: https://static-cdn.m5stack.com/mpy_docs/base/rs232/any.png
.. |deinit.png| image:: https://static-cdn.m5stack.com/mpy_docs/base/rs232/deinit.png
.. |setup.png| image:: https://static-cdn.m5stack.com/mpy_docs/base/rs232/setup.png
.. |read_all.png| image:: https://static-cdn.m5stack.com/mpy_docs/base/rs232/read_all.png
.. |read_bytes.png| image:: https://static-cdn.m5stack.com/mpy_docs/base/rs232/read_bytes.png
.. |read_raw_data.png| image:: https://static-cdn.m5stack.com/mpy_docs/base/rs232/read_raw_data.png
.. |readline.png| image:: https://static-cdn.m5stack.com/mpy_docs/base/rs232/readline.png
.. |readinto.png| image:: https://static-cdn.m5stack.com/mpy_docs/base/rs232/readinto.png
.. |write.png| image:: https://static-cdn.m5stack.com/mpy_docs/base/rs232/write.png
.. |write1.png| image:: https://static-cdn.m5stack.com/mpy_docs/base/rs232/write1.png
.. |write_line.png| image:: https://static-cdn.m5stack.com/mpy_docs/base/rs232/write_line.png
.. |write_list.png| image:: https://static-cdn.m5stack.com/mpy_docs/base/rs232/write_list.png
.. |write_raw_data.png| image:: https://static-cdn.m5stack.com/mpy_docs/base/rs232/write_raw_data.png
.. |write_raw_data_list.png| image:: https://static-cdn.m5stack.com/mpy_docs/base/rs232/write_raw_data_list.png
.. |txdone.png| image:: https://static-cdn.m5stack.com/mpy_docs/base/rs232/txdone.png
.. |flush.png| image:: https://static-cdn.m5stack.com/mpy_docs/base/rs232/flush.png
.. |sendbreak.png| image:: https://static-cdn.m5stack.com/mpy_docs/base/rs232/sendbreak.png

.. |example.png| image:: https://static-cdn.m5stack.com/mpy_docs/base/rs232/example.png

.. |atoms3r_rs232_example.m5f2| raw:: html

    <a
        href="https://uiflow2.m5stack.com/?example=https://raw.githubusercontent.com/m5stack/uiflow-micropython/develop/examples/base/rs232/atoms3r_rs232_example.m5f2"
        target="_blank"
    >
        atoms3r_rs232_example.m5f2
    </a>