..  |Atom DTU NBIoT| image:: https://static-cdn.m5stack.com/resource/docs/products/atom/atom_dtu_nb/atom_dtu_nb_01.webp
    :target: https://docs.m5stack.com/en/atom/atom_dtu_nb
    :height: 200px
    :width: 200px

..  |Atom DTU NBIoT CN| image:: https://static-cdn.m5stack.com/resource/docs/products/atom/atom_dtu_nb_cn/atom_dtu_nb_cn_01.webp
    :target: https://docs.m5stack.com/en/atom/atom_dtu_nb_cn
    :height: 200px
    :width: 200px

.. |atoms3_base_nbiot_http_example.png| image:: https://static-cdn.m5stack.com/mpy_docs/base/nbiot/atoms3_base_nbiot_http_example.png
.. |atoms3_base_nbiot_mqtt_example.png| image:: https://static-cdn.m5stack.com/mpy_docs/base/nbiot/atoms3_base_nbiot_mqtt_example.png
.. |http_example.png| image:: https://static-cdn.m5stack.com/mpy_docs/base/nbiot/http_example.png
.. |mqtt_example.png| image:: https://static-cdn.m5stack.com/mpy_docs/base/nbiot/mqtt_example.png
.. |nbiot_active.png| image:: https://static-cdn.m5stack.com/mpy_docs/base/nbiot/nbiot_active.png
.. |nbiot_connect.png| image:: https://static-cdn.m5stack.com/mpy_docs/base/nbiot/nbiot_connect.png
.. |nbiot_get_apn.png| image:: https://static-cdn.m5stack.com/mpy_docs/base/nbiot/nbiot_get_apn.png
.. |nbiot_get_dns.png| image:: https://static-cdn.m5stack.com/mpy_docs/base/nbiot/nbiot_get_dns.png
.. |nbiot_get_gateway.png| image:: https://static-cdn.m5stack.com/mpy_docs/base/nbiot/nbiot_get_gateway.png
.. |nbiot_get_iccid.png| image:: https://static-cdn.m5stack.com/mpy_docs/base/nbiot/nbiot_get_iccid.png
.. |nbiot_get_imei.png| image:: https://static-cdn.m5stack.com/mpy_docs/base/nbiot/nbiot_get_imei.png
.. |nbiot_get_imsi.png| image:: https://static-cdn.m5stack.com/mpy_docs/base/nbiot/nbiot_get_imsi.png
.. |nbiot_get_local_ip.png| image:: https://static-cdn.m5stack.com/mpy_docs/base/nbiot/nbiot_get_local_ip.png
.. |nbiot_get_mfr.png| image:: https://static-cdn.m5stack.com/mpy_docs/base/nbiot/nbiot_get_mfr.png
.. |nbiot_get_mode.png| image:: https://static-cdn.m5stack.com/mpy_docs/base/nbiot/nbiot_get_mode.png
.. |nbiot_get_model.png| image:: https://static-cdn.m5stack.com/mpy_docs/base/nbiot/nbiot_get_model.png
.. |nbiot_get_rssi_status.png| image:: https://static-cdn.m5stack.com/mpy_docs/base/nbiot/nbiot_get_rssi_status.png
.. |nbiot_get_sim_status.png| image:: https://static-cdn.m5stack.com/mpy_docs/base/nbiot/nbiot_get_sim_status.png
.. |nbiot_get_station_info.png| image:: https://static-cdn.m5stack.com/mpy_docs/base/nbiot/nbiot_get_station_info.png
.. |nbiot_get_subnet.png| image:: https://static-cdn.m5stack.com/mpy_docs/base/nbiot/nbiot_get_subnet.png
.. |nbiot_get_version.png| image:: https://static-cdn.m5stack.com/mpy_docs/base/nbiot/nbiot_get_version.png
.. |nbiot_http_close.png| image:: https://static-cdn.m5stack.com/mpy_docs/base/nbiot/nbiot_http_close.png
.. |nbiot_http_get_content.png| image:: https://static-cdn.m5stack.com/mpy_docs/base/nbiot/nbiot_http_get_content.png
.. |nbiot_http_get_headers.png| image:: https://static-cdn.m5stack.com/mpy_docs/base/nbiot/nbiot_http_get_headers.png
.. |nbiot_http_get_json.png| image:: https://static-cdn.m5stack.com/mpy_docs/base/nbiot/nbiot_http_get_json.png
.. |nbiot_http_get_reason.png| image:: https://static-cdn.m5stack.com/mpy_docs/base/nbiot/nbiot_http_get_reason.png
.. |nbiot_http_get_status_code.png| image:: https://static-cdn.m5stack.com/mpy_docs/base/nbiot/nbiot_http_get_status_code.png
.. |nbiot_http_get_text.png| image:: https://static-cdn.m5stack.com/mpy_docs/base/nbiot/nbiot_http_get_text.png
.. |nbiot_http_request.png| image:: https://static-cdn.m5stack.com/mpy_docs/base/nbiot/nbiot_http_request.png
.. |nbiot_init.png| image:: https://static-cdn.m5stack.com/mpy_docs/base/nbiot/nbiot_init.png
.. |nbiot_is_connected.png| image:: https://static-cdn.m5stack.com/mpy_docs/base/nbiot/nbiot_is_connected.png
.. |nbiot_mqtt_check_msg.png| image:: https://static-cdn.m5stack.com/mpy_docs/base/nbiot/nbiot_mqtt_check_msg.png
.. |nbiot_mqtt_client.png| image:: https://static-cdn.m5stack.com/mpy_docs/base/nbiot/nbiot_mqtt_client.png
.. |nbiot_mqtt_connect.png| image:: https://static-cdn.m5stack.com/mpy_docs/base/nbiot/nbiot_mqtt_connect.png
.. |nbiot_mqtt_disconnect.png| image:: https://static-cdn.m5stack.com/mpy_docs/base/nbiot/nbiot_mqtt_disconnect.png
.. |nbiot_mqtt_get_msg.png| image:: https://static-cdn.m5stack.com/mpy_docs/base/nbiot/nbiot_mqtt_get_msg.png
.. |nbiot_mqtt_get_topic.png| image:: https://static-cdn.m5stack.com/mpy_docs/base/nbiot/nbiot_mqtt_get_topic.png
.. |nbiot_mqtt_isconnected.png| image:: https://static-cdn.m5stack.com/mpy_docs/base/nbiot/nbiot_mqtt_isconnected.png
.. |nbiot_mqtt_last_will.png| image:: https://static-cdn.m5stack.com/mpy_docs/base/nbiot/nbiot_mqtt_last_will.png
.. |nbiot_mqtt_publish.png| image:: https://static-cdn.m5stack.com/mpy_docs/base/nbiot/nbiot_mqtt_publish.png
.. |nbiot_mqtt_reconnect.png| image:: https://static-cdn.m5stack.com/mpy_docs/base/nbiot/nbiot_mqtt_reconnect.png
.. |nbiot_mqtt_subscribe_event.png| image:: https://static-cdn.m5stack.com/mpy_docs/base/nbiot/nbiot_mqtt_subscribe_event.png
.. |nbiot_mqtt_unsubscribe.png| image:: https://static-cdn.m5stack.com/mpy_docs/base/nbiot/nbiot_mqtt_unsubscribe.png
.. |nbiot_power_off.png| image:: https://static-cdn.m5stack.com/mpy_docs/base/nbiot/nbiot_power_off.png
.. |nbiot_power_on.png| image:: https://static-cdn.m5stack.com/mpy_docs/base/nbiot/nbiot_power_on.png
.. |rs485_available_char.png| image:: https://static-cdn.m5stack.com/mpy_docs/base/nbiot/rs485_available_char.png
.. |rs485_deinit.png| image:: https://static-cdn.m5stack.com/mpy_docs/base/nbiot/rs485_deinit.png
.. |rs485_flush.png| image:: https://static-cdn.m5stack.com/mpy_docs/base/nbiot/rs485_flush.png
.. |rs485_get_voltage.png| image:: https://static-cdn.m5stack.com/mpy_docs/base/nbiot/rs485_get_voltage.png
.. |rs485_init.png| image:: https://static-cdn.m5stack.com/mpy_docs/base/nbiot/rs485_init.png
.. |rs485_read_all.png| image:: https://static-cdn.m5stack.com/mpy_docs/base/nbiot/rs485_read_all.png
.. |rs485_read_bytes.png| image:: https://static-cdn.m5stack.com/mpy_docs/base/nbiot/rs485_read_bytes.png
.. |rs485_read_into_buf.png| image:: https://static-cdn.m5stack.com/mpy_docs/base/nbiot/rs485_read_into_buf.png
.. |rs485_read_line.png| image:: https://static-cdn.m5stack.com/mpy_docs/base/nbiot/rs485_read_line.png
.. |rs485_read_raw_data.png| image:: https://static-cdn.m5stack.com/mpy_docs/base/nbiot/rs485_read_raw_data.png
.. |rs485_send_break.png| image:: https://static-cdn.m5stack.com/mpy_docs/base/nbiot/rs485_send_break.png
.. |rs485_setup.png| image:: https://static-cdn.m5stack.com/mpy_docs/base/nbiot/rs485_setup.png
.. |rs485_txdone.png| image:: https://static-cdn.m5stack.com/mpy_docs/base/nbiot/rs485_txdone.png
.. |rs485_write.png| image:: https://static-cdn.m5stack.com/mpy_docs/base/nbiot/rs485_write.png
.. |rs485_write1.png| image:: https://static-cdn.m5stack.com/mpy_docs/base/nbiot/rs485_write1.png
.. |rs485_write_line.png| image:: https://static-cdn.m5stack.com/mpy_docs/base/nbiot/rs485_write_line.png
.. |rs485_write_list.png| image:: https://static-cdn.m5stack.com/mpy_docs/base/nbiot/rs485_write_list.png
.. |rs485_write_raw_data.png| image:: https://static-cdn.m5stack.com/mpy_docs/base/nbiot/rs485_write_raw_data.png
.. |rs485_write_raw_data_list.png| image:: https://static-cdn.m5stack.com/mpy_docs/base/nbiot/rs485_write_raw_data_list.png

.. |atoms3_base_nbiot_http_example.m5f2| raw:: html

    <a
        href="https://uiflow2.m5stack.com/?example=https://raw.githubusercontent.com/m5stack/uiflow-micropython/develop/examples/base/dtu_nbiot/atoms3_base_nbiot_http_example.m5f2"
        target="_blank"
    >
        atoms3_base_nbiot_http_example.m5f2
    </a>

.. |atoms3_base_nbiot_mqtt_example.m5f2| raw:: html

    <a
        href="https://uiflow2.m5stack.com/?example=https://raw.githubusercontent.com/m5stack/uiflow-micropython/develop/examples/base/dtu_nbiot/atoms3_base_nbiot_mqtt_example.m5f2"
        target="_blank"
    >
        atoms3_base_nbiot_mqtt_example.m5f2
    </a>
