.. |LoRaWAN-CN470| image:: https://m5stack-doc.oss-cn-shenzhen.aliyuncs.com/1138/A152_CN470_01.webp
    :target: https://docs.m5stack.com/en/atom/Atom%20DTU%20LoRaWAN-CN470
    :height: 200px
    :width: 200px

.. |LoRaWAN-EU868| image:: https://m5stack-doc.oss-cn-shenzhen.aliyuncs.com/1139/A152_EU868_01.webp
    :target: https://docs.m5stack.com/en/atom/Atom%20DTU%20LoRaWAN-EU868
    :height: 200px
    :width: 200px

.. |LoRaWAN-US915| image:: https://m5stack-doc.oss-cn-shenzhen.aliyuncs.com/1140/A152_US915_01.webp
    :target: https://docs.m5stack.com/en/atom/Atom%20DTU%20LoRaWAN-US915
    :height: 200px
    :width: 200px

.. |init.png| image:: https://static-cdn.m5stack.com/mpy_docs/base/lorawancn470/init.png
.. |config.png| image:: https://static-cdn.m5stack.com/mpy_docs/base/lorawancn470/config.png
.. |reset_module_to_default.png| image:: https://static-cdn.m5stack.com/mpy_docs/base/lorawancn470/reset_module_to_default.png
.. |set_low_power_mode.png| image:: https://static-cdn.m5stack.com/mpy_docs/base/lorawancn470/set_low_power_mode.png
.. |set_join_config.png| image:: https://static-cdn.m5stack.com/mpy_docs/base/lorawancn470/set_join_config.png
.. |join_network.png| image:: https://static-cdn.m5stack.com/mpy_docs/base/lorawancn470/join_network.png
.. |join_network_return.png| image:: https://static-cdn.m5stack.com/mpy_docs/base/lorawancn470/join_network_return.png
.. |set_join_mode.png| image:: https://static-cdn.m5stack.com/mpy_docs/base/lorawancn470/set_join_mode.png
.. |get_join_state.png| image:: https://static-cdn.m5stack.com/mpy_docs/base/lorawancn470/get_join_state.png
.. |get_last_receive.png| image:: https://static-cdn.m5stack.com/mpy_docs/base/lorawancn470/get_last_receive.png
.. |send_data.png| image:: https://static-cdn.m5stack.com/mpy_docs/base/lorawancn470/send_data.png
.. |send_data_return.png| image:: https://static-cdn.m5stack.com/mpy_docs/base/lorawancn470/send_data_return.png
.. |set_network_mode.png| image:: https://static-cdn.m5stack.com/mpy_docs/base/lorawancn470/set_network_mode.png
.. |get_p2p_frequency.png| image:: https://static-cdn.m5stack.com/mpy_docs/base/lorawancn470/get_p2p_frequency.png
.. |set_p2p_frequency.png| image:: https://static-cdn.m5stack.com/mpy_docs/base/lorawancn470/set_p2p_frequency.png
.. |get_p2p_spreading_factor.png| image:: https://static-cdn.m5stack.com/mpy_docs/base/lorawancn470/get_p2p_spreading_factor.png
.. |set_p2p_spreading_factor.png| image:: https://static-cdn.m5stack.com/mpy_docs/base/lorawancn470/set_p2p_spreading_factor.png
.. |get_p2p_bandwidth.png| image:: https://static-cdn.m5stack.com/mpy_docs/base/lorawancn470/get_p2p_bandwidth.png
.. |set_p2p_fsk_bandwidth.png| image:: https://static-cdn.m5stack.com/mpy_docs/base/lorawancn470/set_p2p_fsk_bandwidth.png
.. |set_p2p_lora_bandwidth.png| image:: https://static-cdn.m5stack.com/mpy_docs/base/lorawancn470/set_p2p_lora_bandwidth.png
.. |get_p2p_code_rate.png| image:: https://static-cdn.m5stack.com/mpy_docs/base/lorawancn470/get_p2p_code_rate.png
.. |set_p2p_code_rate.png| image:: https://static-cdn.m5stack.com/mpy_docs/base/lorawancn470/set_p2p_code_rate.png
.. |get_p2p_preamble_length.png| image:: https://static-cdn.m5stack.com/mpy_docs/base/lorawancn470/get_p2p_preamble_length.png
.. |set_p2p_preamble_length.png| image:: https://static-cdn.m5stack.com/mpy_docs/base/lorawancn470/set_p2p_preamble_length.png
.. |get_p2p_tx_power.png| image:: https://static-cdn.m5stack.com/mpy_docs/base/lorawancn470/get_p2p_tx_power.png
.. |set_p2p_tx_power.png| image:: https://static-cdn.m5stack.com/mpy_docs/base/lorawancn470/set_p2p_tx_power.png
.. |get_p2p_fsk_bitrate.png| image:: https://static-cdn.m5stack.com/mpy_docs/base/lorawancn470/get_p2p_fsk_bitrate.png
.. |set_p2p_fsk_bitrate.png| image:: https://static-cdn.m5stack.com/mpy_docs/base/lorawancn470/set_p2p_fsk_bitrate.png
.. |send_p2p_data.png| image:: https://static-cdn.m5stack.com/mpy_docs/base/lorawancn470/send_p2p_data.png
.. |send_p2p_data_return.png| image:: https://static-cdn.m5stack.com/mpy_docs/base/lorawancn470/send_p2p_data_return.png
.. |get_p2p_receive_data.png| image:: https://static-cdn.m5stack.com/mpy_docs/base/lorawancn470/get_p2p_receive_data.png
.. |get_p2p_sync_word.png| image:: https://static-cdn.m5stack.com/mpy_docs/base/lorawancn470/get_p2p_sync_word.png
.. |set_p2p_sync_word.png| image:: https://static-cdn.m5stack.com/mpy_docs/base/lorawancn470/set_p2p_sync_word.png
.. |set_abp_config.png| image:: https://static-cdn.m5stack.com/mpy_docs/base/lorawancn470/set_abp_config.png
.. |get_abp_config.png| image:: https://static-cdn.m5stack.com/mpy_docs/base/lorawancn470/get_abp_config.png
.. |set_otaa_config.png| image:: https://static-cdn.m5stack.com/mpy_docs/base/lorawancn470/set_config.png
.. |get_otaa_config.png| image:: https://static-cdn.m5stack.com/mpy_docs/base/lorawancn470/get_otaa_config.png


.. |lorawan_otaa_cores3_example.png| image:: https://static-cdn.m5stack.com/mpy_docs/base/lorawan_eu868/otaa_example.png
.. |lorawan_p2p_cores3_example.png| image:: https://static-cdn.m5stack.com/mpy_docs/base/lorawan_eu868/p2p_tx_example.png
.. |lorawan_p2p_rec_cores3_example.png| image:: https://static-cdn.m5stack.com/mpy_docs/base/lorawan_eu868/p2p_rx_example.png

.. |base_lorawan868_otaa_atom_lite_example.m5f2| raw:: html

    <a
        href="https://uiflow2.m5stack.com/?example=https://raw.githubusercontent.com/m5stack/uiflow-micropython/develop/examples/base/dtu_lorawan_rui3/base_lorawan868_otaa_atom_lite_example.m5f2"
        target="_blank"
    >
        base_lorawan868_otaa_atom_lite_example.m5f2
    </a>

.. |base_lorawan868_p2p_tx_atom_lite_example.m5f2| raw:: html

    <a
        href="https://uiflow2.m5stack.com/?example=https://raw.githubusercontent.com/m5stack/uiflow-micropython/develop/examples/base/dtu_lorawan_rui3/base_lorawan868_p2p_tx_atom_lite_example.m5f2"
        target="_blank"
    >
        base_lorawan868_p2p_tx_atom_lite_example.m5f2
    </a>

.. |base_lorawan868_p2p_rx_atom_lite_example.m5f2| raw:: html

    <a
        href="https://uiflow2.m5stack.com/?example=https://raw.githubusercontent.com/m5stack/uiflow-micropython/develop/examples/base/dtu_lorawan_rui3/base_lorawan868_p2p_rx_atom_lite_example.m5f2"
        target="_blank"
    >
        base_lorawan868_p2p_rx_atom_lite_example.m5f2
    </a>

