..  |Atom DTU NBIoT| image:: https://static-cdn.m5stack.com/resource/docs/products/atom/atom_dtu_nb/atom_dtu_nb_01.webp
    :target: https://docs.m5stack.com/en/atom/atom_dtu_nb
    :height: 200px
    :width: 200px

..  |Atom DTU NBIoT CN| image:: https://static-cdn.m5stack.com/resource/docs/products/atom/atom_dtu_nb_cn/atom_dtu_nb_cn_01.webp
    :target: https://docs.m5stack.com/en/atom/atom_dtu_nb_cn
    :height: 200px
    :width: 200px


.. |init.png| image:: https://static-cdn.m5stack.com/mpy_docs/base/lorawan470/init.png

.. |get_abp_config.png| image:: https://static-cdn.m5stack.com/mpy_docs/base/lorawan470/get_abp_config.png
.. |get_otaa_config.png| image:: https://static-cdn.m5stack.com/mpy_docs/base/lorawan470/get_otaa_config.png
.. |check_join_status.png| image:: https://static-cdn.m5stack.com/mpy_docs/base/lorawan470/check_join_status.png
.. |check_uplink_status.png| image:: https://static-cdn.m5stack.com/mpy_docs/base/lorawan470/check_uplink_status.png
.. |check_downlink_data.png| image:: https://static-cdn.m5stack.com/mpy_docs/base/lorawan470/check_downlink_data.png
.. |uart_port_id.png| image:: https://static-cdn.m5stack.com/mpy_docs/base/lorawan470/uart_port_id.png
.. |config_otaa.png| image:: https://static-cdn.m5stack.com/mpy_docs/base/lorawan470/config_otaa.png
.. |config_abp.png| image:: https://static-cdn.m5stack.com/mpy_docs/base/lorawan470/config_abp.png
.. |config.png| image:: https://static-cdn.m5stack.com/mpy_docs/base/lorawan470/config.png
.. |set_rx_window_param.png| image:: https://static-cdn.m5stack.com/mpy_docs/base/lorawan470/set_rx_window_param.png
.. |set_class_mode.png| image:: https://static-cdn.m5stack.com/mpy_docs/base/lorawan470/set_class_mode.png
.. |set_uplink_downlink_mode.png| image:: https://static-cdn.m5stack.com/mpy_docs/base/lorawan470/set_uplink_downlink_mode.png
.. |set_join_mode.png| image:: https://static-cdn.m5stack.com/mpy_docs/base/lorawan470/set_join_mode.png
.. |join.png| image:: https://static-cdn.m5stack.com/mpy_docs/base/lorawan470/start_join.png
.. |join_stop.png| image:: https://static-cdn.m5stack.com/mpy_docs/base/lorawan470/stop_join.png
.. |set_uplink_app_port.png| image:: https://static-cdn.m5stack.com/mpy_docs/base/lorawan470/set_uplink_app_port.png
.. |send_data.png| image:: https://static-cdn.m5stack.com/mpy_docs/base/lorawan470/send_data.png

.. |http_example.png| image:: https://static-cdn.m5stack.com/mpy_docs/base/lorawan470/example2.png
.. |mqtt_example.png| image:: https://static-cdn.m5stack.com/mpy_docs/base/lorawan470/example3.png


.. |base_nbiot_atoms3_mqtt_example.m5f2| raw:: html

    <a
        href="https://uiflow2.m5stack.com/?example=https://raw.githubusercontent.com/m5stack/uiflow-micropython/develop/examples/base/dtu_lorawan/base_nbiot_atoms3_mqtt_example.m5f2"
        target="_blank"
    >
        base_nbiot_atoms3_mqtt_example.m5f2
    </a>


.. |base_nbiot_atoms3_http_example.m5f2| raw:: html

    <a
        href="https://uiflow2.m5stack.com/?example=https://raw.githubusercontent.com/m5stack/uiflow-micropython/develop/examples/base/dtu_lorawan/base_nbiot_atoms3_http_example.m5f2"
        target="_blank"
    >
        base_nbiot_atoms3_http_example.m5f2
    </a>