.. |chain_joystick_usb_mouse_example.png| image:: https://static-cdn.m5stack.com/mpy_docs/chain/joystick/chain_joystick_usb_mouse_example.png
.. |click_callback.png| image:: https://static-cdn.m5stack.com/mpy_docs/chain/joystick/click_callback.png
.. |double_click_callback.png| image:: https://static-cdn.m5stack.com/mpy_docs/chain/joystick/double_click_callback.png
.. |get_16bit_value.png| image:: https://static-cdn.m5stack.com/mpy_docs/chain/joystick/get_16bit_value.png
.. |get_8bit_value.png| image:: https://static-cdn.m5stack.com/mpy_docs/chain/joystick/get_8bit_value.png
.. |get_bootloader_version.png| image:: https://static-cdn.m5stack.com/mpy_docs/chain/joystick/get_bootloader_version.png
.. |get_button_double_click_trigger_interval.png| image:: https://static-cdn.m5stack.com/mpy_docs/chain/joystick/get_button_double_click_trigger_interval.png
.. |get_button_long_press_trigger_interval.png| image:: https://static-cdn.m5stack.com/mpy_docs/chain/joystick/get_button_long_press_trigger_interval.png
.. |get_button_mode.png| image:: https://static-cdn.m5stack.com/mpy_docs/chain/joystick/get_button_mode.png
.. |get_button_state.png| image:: https://static-cdn.m5stack.com/mpy_docs/chain/joystick/get_button_state.png
.. |get_firmware_version.png| image:: https://static-cdn.m5stack.com/mpy_docs/chain/joystick/get_firmware_version.png
.. |get_mapping_value.png| image:: https://static-cdn.m5stack.com/mpy_docs/chain/joystick/get_mapping_value.png
.. |get_raw_16bit_value.png| image:: https://static-cdn.m5stack.com/mpy_docs/chain/joystick/get_raw_16bit_value.png
.. |get_raw_value.png| image:: https://static-cdn.m5stack.com/mpy_docs/chain/joystick/get_raw_value.png
.. |get_rgb_brightness.png| image:: https://static-cdn.m5stack.com/mpy_docs/chain/joystick/get_rgb_brightness.png
.. |get_rgb_color.png| image:: https://static-cdn.m5stack.com/mpy_docs/chain/joystick/get_rgb_color.png
.. |init.png| image:: https://static-cdn.m5stack.com/mpy_docs/chain/joystick/init.png
.. |long_press_callback.png| image:: https://static-cdn.m5stack.com/mpy_docs/chain/joystick/long_press_callback.png
.. |set_button_double_click_trigger_interval.png| image:: https://static-cdn.m5stack.com/mpy_docs/chain/joystick/set_button_double_click_trigger_interval.png
.. |set_button_long_press_trigger_interval.png| image:: https://static-cdn.m5stack.com/mpy_docs/chain/joystick/set_button_long_press_trigger_interval.png
.. |set_button_mode.png| image:: https://static-cdn.m5stack.com/mpy_docs/chain/joystick/set_button_mode.png
.. |set_mapping_value.png| image:: https://static-cdn.m5stack.com/mpy_docs/chain/joystick/set_mapping_value.png
.. |set_rgb_brightness.png| image:: https://static-cdn.m5stack.com/mpy_docs/chain/joystick/set_rgb_brightness.png
.. |set_rgb_color.png| image:: https://static-cdn.m5stack.com/mpy_docs/chain/joystick/set_rgb_color.png

.. |chain_joystick_usb_mouse_example.m5f2| raw:: html

    <a
        href="https://uiflow2.m5stack.com/?example=https://raw.githubusercontent.com/m5stack/uiflow-micropython/develop/examples/chain/joystick/chain_joystick_usb_mouse_example.m5f2"
        target="_blank"
    >
        chain_joystick_usb_mouse_example.m5f2
    </a>
