.. |applist.png| image:: ../../_static/controllers/coreink/coreink_applist.png

.. |config.png| image:: ../../_static/controllers/coreink/coreink_config.png

.. |flow.png| image:: ../../_static/controllers/coreink/coreink_flow.png

.. |op.png| image:: ../../_static/controllers/coreink/coreink_op.png