.. |AtomS3| image:: https://static-cdn.m5stack.com/resource/docs/products/core/AtomS3/img-ee8b91d5-f96a-4605-bd05-420ecde256c4.webp
    :target: https://docs.m5stack.com/zh_CN/core/AtomS3

.. _AtomS3: https://docs.m5stack.com/zh_CN/core/AtomS3

.. |AtomS3 Lite| image:: https://static-cdn.m5stack.com/resource/docs/products/core/AtomS3%20Lite/img-dc6432b6-fd9b-4066-9a4d-49786503d1a3.webp
    :target: https://docs.m5stack.com/zh_CN/core/AtomS3%20Lite

.. _AtomS3 Lite: https://docs.m5stack.com/zh_CN/core/AtomS3%20Lite

.. |AtomS3U| image:: https://static-cdn.m5stack.com/resource/docs/products/core/AtomS3U/img-82d5d251-1bfd-4133-9324-404242e5acc7.webp
    :target: https://docs.m5stack.com/zh_CN/core/AtomS3U

.. _AtomS3U: https://docs.m5stack.com/zh_CN/core/AtomS3U

.. |StampS3| image:: https://static-cdn.m5stack.com/resource/docs/products/core/StampS3/img-964c4df6-26ff-49e0-9950-87ee1a0f3b18.webp
    :target: https://docs.m5stack.com/zh_CN/core/StampS3

.. _StampS3: https://docs.m5stack.com/zh_CN/core/StampS3

.. |CoreS3| image:: https://static-cdn.m5stack.com/resource/docs/products/core/CoreS3/img-96063e2a-637a-4d11-ac47-1ce4f1cdfd3e.webp
    :target: https://docs.m5stack.com/zh_CN/core/CoreS3

.. _CoreS3: https://docs.m5stack.com/zh_CN/core/CoreS3

.. |Core2| image:: https://static-cdn.m5stack.com/resource/docs/products/core/core2/core2_01.webp
    :target: https://docs.m5stack.com/zh_CN/core/core2

.. _Core2: https://docs.m5stack.com/zh_CN/core/core2

.. |TOUGH| image:: https://static-cdn.m5stack.com/resource/docs/products/core/tough/tough_01.webp
    :target: https://docs.m5stack.com/zh_CN/core/tough

.. _TOUGH: https://docs.m5stack.com/zh_CN/core/tough

.. |BASIC| image:: https://static-cdn.m5stack.com/resource/docs/products/core/basic/basic_01.webp
    :target: https://docs.m5stack.com/zh_CN/core/basic

.. _BASIC: https://docs.m5stack.com/zh_CN/core/basic

.. |BASIC v2.6| image:: https://static-cdn.m5stack.com/resource/docs/products/core/BASIC%20v2.6/img-92a921e7-32c9-4b79-b6cf-1e140742179f.webp
    :target: https://docs.m5stack.com/zh_CN/core/BASIC%20v2.6

.. _BASIC v2.6: https://docs.m5stack.com/zh_CN/core/BASIC%20v2.6

.. |BASIC v2.7| image:: https://static-cdn.m5stack.com/resource/docs/products/core/basic_v2.7/basic_v2.7_01.webp
    :target: https://docs.m5stack.com/zh_CN/core/basic_v2.7

.. _BASIC v2.7: https://docs.m5stack.com/zh_CN/core/basic_v2.7

.. |GRAY| image:: https://static-cdn.m5stack.com/resource/docs/products/core/gray/gray_01.webp
    :target: https://docs.m5stack.com/zh_CN/core/gray

.. _GRAY: https://docs.m5stack.com/zh_CN/core/gray

.. |FIRE| image:: https://static-cdn.m5stack.com/resource/docs/products/core/fire/fire_01.webp
    :target: https://docs.m5stack.com/zh_CN/core/fire

.. _FIRE: https://docs.m5stack.com/zh_CN/core/fire

.. |FIRE v2.6| image:: https://static-cdn.m5stack.com/resource/docs/products/core/fire_v2.6/fire_v2.6_01.webp
    :target: https://docs.m5stack.com/zh_CN/core/fire_v2.6

.. _FIRE v2.6: https://docs.m5stack.com/zh_CN/core/fire_v2.6

.. |FIRE v2.7| image:: https://static-cdn.m5stack.com/resource/docs/products/core/fire_v2.7/fire_v2.6_01.webp
    :target: https://docs.m5stack.com/zh_CN/core/fire_v2.7

.. _FIRE v2.7: https://docs.m5stack.com/zh_CN/core/fire_v2.7

.. |M5Capsule| image:: https://m5stack.oss-cn-shenzhen.aliyuncs.com/resource/docs/products/core/M5Capsule/4.webp
    :target: https://docs.m5stack.com/zh_CN/core/M5Capsule

.. _M5Capsule: https://docs.m5stack.com/zh_CN/core/M5Capsule

.. |M5Dial| image:: https://static-cdn.m5stack.com/resource/docs/products/core/M5Dial/img-2afd549e-8af8-47b4-823a-e90e063a0139.webp
    :target: https://docs.m5stack.com/zh_CN/core/M5Dial

.. _M5Dial: https://docs.m5stack.com/zh_CN/core/M5Dial

.. |Core2 v1.1| image:: https://static-cdn.m5stack.com/resource/docs/products/core/Core2%20v1.1/img-1a949091-da2c-4fbb-bf4f-bce108cb43ec.webp
    :target: https://docs.m5stack.com/zh_CN/core/core2_v1.1

.. _Core2 v1.1: https://docs.m5stack.com/zh_CN/core/core2_v1.1

.. |M5StickC PLUS| image:: https://static-cdn.m5stack.com/resource/docs/products/core/m5stickc_plus/m5stickc_plus_01.webp
    :target: https://docs.m5stack.com/zh_CN/core/m5stickc_plus

.. _M5StickC PLUS: https://docs.m5stack.com/zh_CN/core/m5stickc_plus

.. |M5StickC PLUS2| image:: https://m5stack.oss-cn-shenzhen.aliyuncs.com/resource/docs/products/core/M5StickC%20PLUS2/4.webp
    :target: https://docs.m5stack.com/zh_CN/core/M5StickC%20PLUS2

.. _M5StickC PLUS2: https://docs.m5stack.com/zh_CN/core/M5StickC%20PLUS2

.. |Cardputer| image:: https://m5stack.oss-cn-shenzhen.aliyuncs.com/resource/docs/products/core/Cardputer/4.webp
    :target: https://docs.m5stack.com/zh_CN/core/Cardputer

.. _Cardputer: https://docs.m5stack.com/zh_CN/core/Cardputer
