.. |indicator.png| image:: ../../_static/controllers/nesso-n1/indicator.png

.. |applist.png| image:: ../../_static/controllers/nesso-n1/applist.png

.. |cloud.png| image:: ../../_static/controllers/nesso-n1/cloud.png

.. |usb.png| image:: ../../_static/controllers/nesso-n1/usb.png

.. |launcher.png| image:: ../../_static/controllers/nesso-n1/launcher.png
