.. |example.svg| image:: https://static-cdn.m5stack.com/mpy_docs/hardware/rotary/example.svg

.. |init.svg| image:: https://static-cdn.m5stack.com/mpy_docs/hardware/rotary/init.svg

.. |get_rotary_status.svg| image:: https://static-cdn.m5stack.com/mpy_docs/hardware/rotary/get_rotary_status.svg

.. |get_rotary_value.svg| image:: https://static-cdn.m5stack.com/mpy_docs/hardware/rotary/get_rotary_value.svg

.. |reset_rotary_value.svg| image:: https://static-cdn.m5stack.com/mpy_docs/hardware/rotary/reset_rotary_value.svg

.. |set_rotary_value.svg| image:: https://static-cdn.m5stack.com/mpy_docs/hardware/rotary/set_rotary_value.svg

.. |get_rotary_increments.svg| image:: https://static-cdn.m5stack.com/mpy_docs/hardware/rotary/get_rotary_increments.svg
