.. |get_config.png| image:: https://static-cdn.m5stack.com/mpy_docs/hardware/speaker/get_config.png

.. |get_config1.png| image:: https://static-cdn.m5stack.com/mpy_docs/hardware/speaker/get_config1.png

.. |set_config.png| image:: https://static-cdn.m5stack.com/mpy_docs/hardware/speaker/set_config.png

.. |set_config1.png| image:: https://static-cdn.m5stack.com/mpy_docs/hardware/speaker/set_config1.png

.. |begin.png| image:: https://static-cdn.m5stack.com/mpy_docs/hardware/speaker/begin.png

.. |end.png| image:: https://static-cdn.m5stack.com/mpy_docs/hardware/speaker/end.png

.. |isRunning.png| image:: https://static-cdn.m5stack.com/mpy_docs/hardware/speaker/isRunning.png

.. |isEnabled.png| image:: https://static-cdn.m5stack.com/mpy_docs/hardware/speaker/isEnabled.png

.. |isPlaying.png| image:: https://static-cdn.m5stack.com/mpy_docs/hardware/speaker/isPlaying.png

.. |getPlayingChannels.png| image:: https://static-cdn.m5stack.com/mpy_docs/hardware/speaker/getPlayingChannels.png

.. |setVolume.png| image:: https://static-cdn.m5stack.com/mpy_docs/hardware/speaker/setVolume.png

.. |getVolume.png| image:: https://static-cdn.m5stack.com/mpy_docs/hardware/speaker/getVolume.png

.. |setVolumePercentage.png| image:: https://static-cdn.m5stack.com/mpy_docs/hardware/speaker/setVolumePercentage.png

.. |getVolumePercentage.png| image:: https://static-cdn.m5stack.com/mpy_docs/hardware/speaker/getVolumePercentage.png

.. |setAllChannelVolume.png| image:: https://static-cdn.m5stack.com/mpy_docs/hardware/speaker/setAllChannelVolume.png

.. |setChannelVolume.png| image:: https://static-cdn.m5stack.com/mpy_docs/hardware/speaker/setChannelVolume.png

.. |getChannelVolume.png| image:: https://static-cdn.m5stack.com/mpy_docs/hardware/speaker/getChannelVolume.png

.. |stop.png| image:: https://static-cdn.m5stack.com/mpy_docs/hardware/speaker/stop.png

.. |tone.png| image:: https://static-cdn.m5stack.com/mpy_docs/hardware/speaker/tone.png

.. |playRaw.png| image:: https://static-cdn.m5stack.com/mpy_docs/hardware/speaker/playRaw.png

.. |playWav.png| image:: https://static-cdn.m5stack.com/mpy_docs/hardware/speaker/playWav.png

.. |playWavFile.png| image:: https://static-cdn.m5stack.com/mpy_docs/hardware/speaker/playWavFile.png

.. |example.png| image:: https://static-cdn.m5stack.com/mpy_docs/hardware/speaker/example.png

.. |cores3_speaker_example.m5f2| raw:: html

    <a
        href="https://uiflow2.m5stack.com/?example=https://raw.githubusercontent.com/m5stack/uiflow-micropython/develop/examples/hardware/speaker/cores3_speaker_example.m5f2"
        target="_blank"
    >
        cores3_speaker_example.m5f2
    </a>
