.. |init.svg| image:: https://static-cdn.m5stack.com/mpy_docs/hardware/can/init.svg

.. |deinit.svg| image:: https://static-cdn.m5stack.com/mpy_docs/hardware/can/deinit.svg

.. |restart.svg| image:: https://static-cdn.m5stack.com/mpy_docs/hardware/can/restart.svg

.. |state.svg| image:: https://static-cdn.m5stack.com/mpy_docs/hardware/can/get_state.svg

.. |info.svg| image:: https://static-cdn.m5stack.com/mpy_docs/hardware/can/get_info.svg

.. |any.svg| image:: https://static-cdn.m5stack.com/mpy_docs/hardware/can/any.svg

.. |recv1.svg| image:: https://static-cdn.m5stack.com/mpy_docs/hardware/can/recv_message.svg

.. |recv2.svg| image:: https://static-cdn.m5stack.com/mpy_docs/hardware/can/recv_message_into.svg

.. |send.svg| image:: https://static-cdn.m5stack.com/mpy_docs/hardware/can/send.svg
