
.. |get_config_boolean.svg| image:: https://static-cdn.m5stack.com/mpy_docs/hardware/microphone/get_config_boolean.svg

.. |get_config_int.svg| image:: https://static-cdn.m5stack.com/mpy_docs/hardware/microphone/get_config_int.svg

.. |set_config_int.svg| image:: https://static-cdn.m5stack.com/mpy_docs/hardware/microphone/set_config_int.svg

.. |set_config_boolean.svg| image:: https://static-cdn.m5stack.com/mpy_docs/hardware/microphone/set_config_boolean.svg

.. |begin.svg| image:: https://static-cdn.m5stack.com/mpy_docs/hardware/microphone/begin.svg

.. |end.svg| image:: https://static-cdn.m5stack.com/mpy_docs/hardware/microphone/end.svg

.. |isRunning.svg| image:: https://static-cdn.m5stack.com/mpy_docs/hardware/microphone/isRunning.svg

.. |isEnabled.svg| image:: https://static-cdn.m5stack.com/mpy_docs/hardware/microphone/isEnabled.svg

.. |isRecording.svg| image:: https://static-cdn.m5stack.com/mpy_docs/hardware/microphone/isRecording.svg

.. |setSampleRate.svg| image:: https://static-cdn.m5stack.com/mpy_docs/hardware/microphone/setSampleRate.svg

.. |record.svg| image:: https://static-cdn.m5stack.com/mpy_docs/hardware/microphone/record.svg
