.. |ENV II| image:: https://static-cdn.m5stack.com/resource/docs/products/hat/envII/envII_01.webp
    :target: https://docs.m5stack.com/en/hat/hat_envII
    :height: 200px
    :width: 200 px
.. |ENV III| image:: https://static-cdn.m5stack.com/resource/docs/products/hat/envIII/envIII_01.webp
    :target: https://docs.m5stack.com/en/hat/hat_envIII
    :height: 200px
    :width: 200 px

.. |example.svg| image:: https://static-cdn.m5stack.com/mpy_docs/hat/env/example.svg

.. |init.svg| image:: https://static-cdn.m5stack.com/mpy_docs/hat/env/init.svg

.. |read_temperature.svg| image:: https://static-cdn.m5stack.com/mpy_docs/hat/env/read_temperature.svg

.. |read_humidity.svg| image:: https://static-cdn.m5stack.com/mpy_docs/hat/env/read_humidity.svg

.. |read_pressure.svg| image:: https://static-cdn.m5stack.com/mpy_docs/hat/env/read_pressure.svg

.. |env_cores3_example.m5f2| raw:: html

    <a href="https://uiflow2.m5stack.com/?example=https://raw.githubusercontent.com/m5stack/uiflow-micropython/develop/examples/hat/env/env_cores3.m5f2" target="_blank">env_cores3_example.m5f2</a>

