.. |DAC2Hat| image:: https://static-cdn.m5stack.com/resource/docs/products/hat/Hat-DAC2/img-26204d9b-195c-4c62-afbb-5b3232c09381.webp
    :target: https://docs.m5stack.com/en/hat/Hat-DAC2
    :height: 200px
    :width: 200px

.. |init.svg| image:: https://static-cdn.m5stack.com/mpy_docs/unit/dac2/init.svg
