.. |FingerHat| image:: https://static-cdn.m5stack.com/resource/docs/products/hat/hat-finger/hat-finger_01.webp
    :target: https://docs.m5stack.com/en/hat/hat-finger
    :height: 200px
    :width: 200 px

.. |init.svg| image:: https://static-cdn.m5stack.com/mpy_docs/hat/finger/init.svg
.. |init.png| image:: https://static-cdn.m5stack.com/mpy_docs/hat/finger/init.png