.. |Encoder| image:: https://static-cdn.m5stack.com/resource/docs/products/hat/MiniEncoderC%20Hat/img-a743e8b0-eb5e-4dd7-af11-6d02f3e4680f.webp
    :target: https://docs.m5stack.com/zh_CN/hat/MiniEncoderC%20Hat
    :height: 200px
    :width: 200 px


.. |example.svg| image:: https://static-cdn.m5stack.com/mpy_docs/hat/miniencoderc/example.svg

.. |init.svg| image:: https://static-cdn.m5stack.com/mpy_docs/hat/miniencoderc/init.svg

.. |get_rotary_status.svg| image:: https://static-cdn.m5stack.com/mpy_docs/hat/miniencoderc/get_rotary_status.svg

.. |get_rotary_value.svg| image:: https://static-cdn.m5stack.com/mpy_docs/hat/miniencoderc/get_rotary_value.svg

.. |get_button_status.svg| image:: https://static-cdn.m5stack.com/mpy_docs/hat/miniencoderc/get_button_status.svg

.. |fill_color.svg| image:: https://static-cdn.m5stack.com/mpy_docs/hat/miniencoderc/fill_color.svg

.. |get_rotary_increments.svg| image:: https://static-cdn.m5stack.com/mpy_docs/hat/miniencoderc/get_rotary_increments.svg

.. |reset_rotary_value.svg| image:: https://static-cdn.m5stack.com/mpy_docs/hat/miniencoderc/reset_rotary_value.svg

.. |set_rotary_value.svg| image:: https://static-cdn.m5stack.com/mpy_docs/hat/miniencoderc/set_rotary_value.svg

.. |read_fw_version.svg| image:: https://static-cdn.m5stack.com/mpy_docs/hat/miniencoderc/read_fw_version.svg

.. |set_address.svg| image:: https://static-cdn.m5stack.com/mpy_docs/hat/miniencoderc/set_address.svg
