.. |PIR| image:: https://static-cdn.m5stack.com/resource/docs/products/hat/hat-pir/hat-pir_01.webp
    :target: https://docs.m5stack.com/en/hat/hat-pir
    :height: 200px
    :width: 200px


.. |example.png| image:: https://static-cdn.m5stack.com/mpy_docs/hat/pir/example.png

.. |init.png| image:: https://static-cdn.m5stack.com/mpy_docs/hat/pir/init.png

.. |get_status.png| image:: https://static-cdn.m5stack.com/mpy_docs/hat/pir/get_status.png

.. |enable_irq.png| image:: https://static-cdn.m5stack.com/mpy_docs/hat/pir/enable_irq.png

.. |disable_irq.png| image:: https://static-cdn.m5stack.com/mpy_docs/hat/pir/disable_irq.png

.. |set_callback.png| image:: https://static-cdn.m5stack.com/mpy_docs/hat/pir/set_callback.png

.. |stickc_plus2_pir_hat_example.m5f2| raw:: html

    <a
        href="https://uiflow2.m5stack.com/?example=https://raw.githubusercontent.com/m5stack/uiflow-micropython/develop/examples/hat/pir/stickc_plus2_pir_hat_example.m5f2"
        target="_blank"
    >
        stickc_plus2_pir_hat_example.m5f2
    </a>
