.. |Vibrator| image:: https://static-cdn.m5stack.com/resource/docs/products/hat/HAT-Vibrator/img-97e3aea6-fe57-4a5b-b83b-7c96086f3d3e.webp
    :target: https://docs.m5stack.com/zh_CN/hat/HAT-Vibrator
    :height: 200px
    :width: 200 px

.. |example.svg| image:: https://static-cdn.m5stack.com/mpy_docs/hat/vibrator/example.svg

.. |init.svg| image:: https://static-cdn.m5stack.com/mpy_docs/hat/vibrator/init.svg

.. |once.svg| image:: https://static-cdn.m5stack.com/mpy_docs/hat/vibrator/init.svg

.. |set_freq.svg| image:: https://static-cdn.m5stack.com/mpy_docs/hat/vibrator/set_freq.svg

.. |set_duty.svg| image:: https://static-cdn.m5stack.com/mpy_docs/hat/vibrator/set_duty.svg

.. |turn_off.svg| image:: https://static-cdn.m5stack.com/mpy_docs/hat/vibrator/turn_off.svg

.. |deinit.svg| image:: https://static-cdn.m5stack.com/mpy_docs/hat/vibrator/deinit.svg
