.. |example.svg| image:: https://static-cdn.m5stack.com/mpy_docs/system/ble/example.svg
.. |init.svg| image:: https://static-cdn.m5stack.com/mpy_docs/system/ble/init.svg
.. |get_mtu.svg| image:: https://static-cdn.m5stack.com/mpy_docs/system/ble/get_mtu.svg
.. |deinit.svg| image:: https://static-cdn.m5stack.com/mpy_docs/system/ble/deinit.svg
.. |client_on_connected.svg| image:: https://static-cdn.m5stack.com/mpy_docs/system/ble/client_on_connected.svg
.. |client_on_disconnected.svg| image:: https://static-cdn.m5stack.com/mpy_docs/system/ble/client_on_disconnected.svg
.. |client_on_server_found.svg| image:: https://static-cdn.m5stack.com/mpy_docs/system/ble/client_on_server_found.svg
.. |client_on_scan_finished.svg| image:: https://static-cdn.m5stack.com/mpy_docs/system/ble/client_on_scan_finished.svg
.. |client_on_read_complete.svg| image:: https://static-cdn.m5stack.com/mpy_docs/system/ble/client_on_read_complete.svg
.. |client_on_notify.svg| image:: https://static-cdn.m5stack.com/mpy_docs/system/ble/client_on_notify.svg
.. |client_scan.svg| image:: https://static-cdn.m5stack.com/mpy_docs/system/ble/client_scan.svg
.. |client_connect.svg| image:: https://static-cdn.m5stack.com/mpy_docs/system/ble/client_connect.svg
.. |client_set_current_service_uuid.svg| image:: https://static-cdn.m5stack.com/mpy_docs/system/ble/client_set_current_service_uuid.svg
.. |client_any.svg| image:: https://static-cdn.m5stack.com/mpy_docs/system/ble/client_any.svg
.. |client_read.svg| image:: https://static-cdn.m5stack.com/mpy_docs/system/ble/client_read.svg
.. |client_write.svg| image:: https://static-cdn.m5stack.com/mpy_docs/system/ble/client_write.svg
.. |client_close.svg| image:: https://static-cdn.m5stack.com/mpy_docs/system/ble/client_close.svg
.. |client_get_services.svg| image:: https://static-cdn.m5stack.com/mpy_docs/system/ble/client_get_services.svg
.. |client_get_characteristics.svg| image:: https://static-cdn.m5stack.com/mpy_docs/system/ble/client_get_characteristics.svg
.. |set_mtu.svg| image:: https://static-cdn.m5stack.com/mpy_docs/system/ble/client_set_mtu.svg
.. |server_clear_services.svg| image:: https://static-cdn.m5stack.com/mpy_docs/system/ble/server_clear_services.svg
.. |server_add_service.svg| image:: https://static-cdn.m5stack.com/mpy_docs/system/ble/server_add_service.svg
.. |server_create_characteristic.svg| image:: https://static-cdn.m5stack.com/mpy_docs/system/ble/server_create_characteristic.svg
.. |server_start.svg| image:: https://static-cdn.m5stack.com/mpy_docs/system/ble/server_start.svg
.. |server_on_receive.svg| image:: https://static-cdn.m5stack.com/mpy_docs/system/ble/server_on_receive.svg
.. |server_on_connected.svg| image:: https://static-cdn.m5stack.com/mpy_docs/system/ble/server_on_connected.svg
.. |server_on_disconnected.svg| image:: https://static-cdn.m5stack.com/mpy_docs/system/ble/server_on_disconnected.svg
.. |server_get_client.svg| image:: https://static-cdn.m5stack.com/mpy_docs/system/ble/server_get_client.svg
.. |server_get_clients.svg| image:: https://static-cdn.m5stack.com/mpy_docs/system/ble/server_get_clients.svg
.. |handle_any.svg| image:: https://static-cdn.m5stack.com/mpy_docs/system/ble/handle_any.svg
.. |handle_read.svg| image:: https://static-cdn.m5stack.com/mpy_docs/system/ble/handle_read.svg
.. |handle_read_all.svg| image:: https://static-cdn.m5stack.com/mpy_docs/system/ble/handle_read_all.svg
.. |handle_write.svg| image:: https://static-cdn.m5stack.com/mpy_docs/system/ble/handle_write.svg
.. |handle_close.svg| image:: https://static-cdn.m5stack.com/mpy_docs/system/ble/handle_close.svg
