.. |set_flag.png| image:: https://static-cdn.m5stack.com/mpy_docs/m5ui/image/set_flag.png
.. |set_range.png| image:: https://static-cdn.m5stack.com/mpy_docs/m5ui/image/set_range.png
.. |set_major_tick_every.png| image:: https://static-cdn.m5stack.com/mpy_docs/m5ui/image/set_major_tick_every.png
.. |set_total_tick_count.png| image:: https://static-cdn.m5stack.com/mpy_docs/m5ui/image/set_total_tick_count.png
.. |set_label_show.png| image:: https://static-cdn.m5stack.com/mpy_docs/m5ui/image/set_label_show.png
.. |set_mode.png| image:: https://static-cdn.m5stack.com/mpy_docs/m5ui/image/set_mode.png
.. |set_line_color.png| image:: https://static-cdn.m5stack.com/mpy_docs/m5ui/image/set_line_color.png
.. |set_style_line_width.png| image:: https://static-cdn.m5stack.com/mpy_docs/m5ui/image/set_style_line_width.png
.. |set_style_text_font.png| image:: https://static-cdn.m5stack.com/mpy_docs/m5ui/image/set_style_text_font.png
.. |set_pos.png| image:: https://static-cdn.m5stack.com/mpy_docs/m5ui/image/set_pos.png
.. |set_size.png| image:: https://static-cdn.m5stack.com/mpy_docs/m5ui/image/set_size.png
.. |set_x.png| image:: https://static-cdn.m5stack.com/mpy_docs/m5ui/image/set_x.png
.. |set_y.png| image:: https://static-cdn.m5stack.com/mpy_docs/m5ui/image/set_y.png
.. |align_to.png| image:: https://static-cdn.m5stack.com/mpy_docs/m5ui/image/align_to.png
.. |set_hidden.png| image:: https://static-cdn.m5stack.com/mpy_docs/m5ui/image/set_hidden.png
.. |set_text_src.png| image:: https://static-cdn.m5stack.com/mpy_docs/m5ui/image/set_text_src.png
.. |set_width.png| image:: https://static-cdn.m5stack.com/mpy_docs/m5ui/image/set_width.png
.. |set_width1.png| image:: https://static-cdn.m5stack.com/mpy_docs/m5ui/image/set_width1.png
.. |set_height.png| image:: https://static-cdn.m5stack.com/mpy_docs/m5ui/image/set_height.png
.. |set_text_color.png| image:: https://static-cdn.m5stack.com/mpy_docs/m5ui/image/set_text_color.png

.. |cores3_scroll_example.png| image:: https://static-cdn.m5stack.com/mpy_docs/m5ui/image/example.png

.. |cores3_scroll_example.m5f2| raw:: html

    <a
        href="https://uiflow2.m5stack.com/?example=https://raw.githubusercontent.com/m5stack/uiflow-micropython/develop/examples/m5ui/image/cores3_scroll_example.m5f2"
        target="_blank"
    >
        cores3_scroll_example.m5f2
    </a>
