.. |align_to.png| image:: https://static-cdn.m5stack.com/mpy_docs/m5ui/switch/align_to.png
.. |event.png| image:: https://static-cdn.m5stack.com/mpy_docs/m5ui/switch/event.png
.. |has_state.png| image:: https://static-cdn.m5stack.com/mpy_docs/m5ui/switch/has_state.png
.. |set_bg_color.png| image:: https://static-cdn.m5stack.com/mpy_docs/m5ui/switch/set_bg_color.png
.. |set_height.png| image:: https://static-cdn.m5stack.com/mpy_docs/m5ui/switch/set_height.png
.. |set_pos.png| image:: https://static-cdn.m5stack.com/mpy_docs/m5ui/switch/set_pos.png
.. |set_size.png| image:: https://static-cdn.m5stack.com/mpy_docs/m5ui/switch/set_size.png
.. |set_state.png| image:: https://static-cdn.m5stack.com/mpy_docs/m5ui/switch/set_state.png
.. |set_knob_color.png| image:: https://static-cdn.m5stack.com/mpy_docs/m5ui/switch/set_knob_color.png
.. |set_width.png| image:: https://static-cdn.m5stack.com/mpy_docs/m5ui/switch/set_width.png
.. |set_x.png| image:: https://static-cdn.m5stack.com/mpy_docs/m5ui/switch/set_x.png
.. |set_y.png| image:: https://static-cdn.m5stack.com/mpy_docs/m5ui/switch/set_y.png

.. |cores3_switch_event_example.png| image:: https://static-cdn.m5stack.com/mpy_docs/m5ui/switch/example.png

.. |cores3_switch_event_example.m5f2| raw:: html

    <a
        href="https://uiflow2.m5stack.com/?example=https://raw.githubusercontent.com/m5stack/uiflow-micropython/develop/examples/m5ui/switch/cores3_switch_event_example.m5f2"
        target="_blank"
    >
        cores3_switch_event_example.m5f2
    </a>
