.. |align_to.png| image:: https://static-cdn.m5stack.com/mpy_docs/m5ui/calendar/align_to.png
.. |event.png| image:: https://static-cdn.m5stack.com/mpy_docs/m5ui/calendar/event.png
.. |set_calendar_style.png| image:: https://static-cdn.m5stack.com/mpy_docs/m5ui/calendar/set_calendar_style.png
.. |set_today_date.png| image:: https://static-cdn.m5stack.com/mpy_docs/m5ui/calendar/set_today_date.png
.. |set_month_shown.png| image:: https://static-cdn.m5stack.com/mpy_docs/m5ui/calendar/set_month_shown.png
.. |set_highlighted_dates.png| image:: https://static-cdn.m5stack.com/mpy_docs/m5ui/calendar/set_highlighted_dates.png
.. |set_pos.png| image:: https://static-cdn.m5stack.com/mpy_docs/m5ui/calendar/set_pos.png
.. |set_size.png| image:: https://static-cdn.m5stack.com/mpy_docs/m5ui/calendar/set_size.png
.. |set_x.png| image:: https://static-cdn.m5stack.com/mpy_docs/m5ui/calendar/set_x.png
.. |set_y.png| image:: https://static-cdn.m5stack.com/mpy_docs/m5ui/calendar/set_y.png

.. |calendar_core2_example.png| image:: https://static-cdn.m5stack.com/mpy_docs/m5ui/calendar/example.png

.. |calendar_core2_example.m5f2| raw:: html

    <a
        href="https://uiflow2.m5stack.com/?example=https://raw.githubusercontent.com/m5stack/uiflow-micropython/develop/examples/m5ui/calendar/calendar_core2_example.m5f2"
        target="_blank"
    >
        calendar_core2_example.m5f2
    </a>
