.. |cores3_textarea_basic_example.m5f2| replace:: :download:`cores3_textarea_basic_example.m5f2 <../../../examples/m5ui/textarea/cores3_textarea_basic_example.m5f2>`

.. |cores3_textarea_basic_example.png| image:: https://static-cdn.m5stack.com/resource/docs/products/core/CoreS3/software/uiflow2/api/m5ui/textarea/cores3_textarea_basic_example.png
.. |add_text.png| image:: https://static-cdn.m5stack.com/mpy_docs/m5ui/textarea/add_text.png
.. |align_to.png| image:: https://static-cdn.m5stack.com/mpy_docs/m5ui/textarea/align_to.png
.. |clear_text.png| image:: https://static-cdn.m5stack.com/mpy_docs/m5ui/textarea/clear_text.png
.. |event.png| image:: https://static-cdn.m5stack.com/mpy_docs/m5ui/textarea/event.png
.. |get_height.png| image:: https://static-cdn.m5stack.com/mpy_docs/m5ui/textarea/get_height.png
.. |get_text.png| image:: https://static-cdn.m5stack.com/mpy_docs/m5ui/textarea/get_text.png
.. |get_width.png| image:: https://static-cdn.m5stack.com/mpy_docs/m5ui/textarea/get_width.png
.. |set_accepted_chars.png| image:: https://static-cdn.m5stack.com/mpy_docs/m5ui/textarea/set_accepted_chars.png
.. |set_bg_color.png| image:: https://static-cdn.m5stack.com/mpy_docs/m5ui/textarea/set_bg_color.png
.. |set_border_color.png| image:: https://static-cdn.m5stack.com/mpy_docs/m5ui/textarea/set_border_color.png
.. |set_flag.png| image:: https://static-cdn.m5stack.com/mpy_docs/m5ui/textarea/set_flag.png
.. |set_height.png| image:: https://static-cdn.m5stack.com/mpy_docs/m5ui/textarea/set_height.png
.. |set_max_length.png| image:: https://static-cdn.m5stack.com/mpy_docs/m5ui/textarea/set_max_length.png
.. |set_one_line.png| image:: https://static-cdn.m5stack.com/mpy_docs/m5ui/textarea/set_one_line.png
.. |set_password_mode.png| image:: https://static-cdn.m5stack.com/mpy_docs/m5ui/textarea/set_password_mode.png
.. |set_placeholder_align.png| image:: https://static-cdn.m5stack.com/mpy_docs/m5ui/textarea/set_placeholder_align.png
.. |set_placeholder_color.png| image:: https://static-cdn.m5stack.com/mpy_docs/m5ui/textarea/set_placeholder_color.png
.. |set_placeholder_font.png| image:: https://static-cdn.m5stack.com/mpy_docs/m5ui/textarea/set_placeholder_font.png
.. |set_placeholder_text.png| image:: https://static-cdn.m5stack.com/mpy_docs/m5ui/textarea/set_placeholder_text.png
.. |set_pos.png| image:: https://static-cdn.m5stack.com/mpy_docs/m5ui/textarea/set_pos.png
.. |set_size.png| image:: https://static-cdn.m5stack.com/mpy_docs/m5ui/textarea/set_size.png
.. |set_state.png| image:: https://static-cdn.m5stack.com/mpy_docs/m5ui/textarea/set_state.png
.. |set_style_border_width.png| image:: https://static-cdn.m5stack.com/mpy_docs/m5ui/textarea/set_style_border_width.png
.. |set_style_radius.png| image:: https://static-cdn.m5stack.com/mpy_docs/m5ui/textarea/set_style_radius.png
.. |set_text.png| image:: https://static-cdn.m5stack.com/mpy_docs/m5ui/textarea/set_text.png
.. |set_text_align.png| image:: https://static-cdn.m5stack.com/mpy_docs/m5ui/textarea/set_text_align.png
.. |set_text_color.png| image:: https://static-cdn.m5stack.com/mpy_docs/m5ui/textarea/set_text_color.png
.. |set_text_font.png| image:: https://static-cdn.m5stack.com/mpy_docs/m5ui/textarea/set_text_font.png
.. |set_width.png| image:: https://static-cdn.m5stack.com/mpy_docs/m5ui/textarea/set_width.png
.. |set_x.png| image:: https://static-cdn.m5stack.com/mpy_docs/m5ui/textarea/set_x.png
.. |set_y.png| image:: https://static-cdn.m5stack.com/mpy_docs/m5ui/textarea/set_y.png
.. |toggle_flag.png| image:: https://static-cdn.m5stack.com/mpy_docs/m5ui/textarea/toggle_flag.png
.. |toggle_state.png| image:: https://static-cdn.m5stack.com/mpy_docs/m5ui/textarea/toggle_state.png
