.. |PPSModule| image:: https://static-cdn.m5stack.com/resource/docs/products/module/Module13.2-PPS/img-20342b36-9573-4baa-8c91-0952802bc631.webp
    :target: https://docs.m5stack.com/en/module/PPS
    :height: 200px
    :width: 200px

.. |init.svg| image:: https://static-cdn.m5stack.com/mpy_docs/module/pps/init.svg

.. |set_output.svg| image:: https://static-cdn.m5stack.com/mpy_docs/module/pps/set_output.svg

.. |enable_output.svg| image:: https://static-cdn.m5stack.com/mpy_docs/module/pps/enable_output.svg

.. |disable_output.svg| image:: https://static-cdn.m5stack.com/mpy_docs/module/pps/disable_output.svg

.. |set_output_voltage.svg| image:: https://static-cdn.m5stack.com/mpy_docs/module/pps/set_output_voltage.svg

.. |set_output_current.svg| image:: https://static-cdn.m5stack.com/mpy_docs/module/pps/set_output_current.svg

.. |read_psu_running_mode.svg| image:: https://static-cdn.m5stack.com/mpy_docs/module/pps/read_psu_running_mode.svg

.. |read_output_current.svg| image:: https://static-cdn.m5stack.com/mpy_docs/module/pps/read_output_current.svg

.. |read_output_voltage.svg| image:: https://static-cdn.m5stack.com/mpy_docs/module/pps/read_output_voltage.svg

.. |read_input_voltage.svg| image:: https://static-cdn.m5stack.com/mpy_docs/module/pps/read_input_voltage.svg

.. |read_data_update_flag.svg| image:: https://static-cdn.m5stack.com/mpy_docs/module/pps/read_data_update_flag.svg

.. |read_mcu_temperature.svg| image:: https://static-cdn.m5stack.com/mpy_docs/module/pps/read_mcu_temperature.svg

.. |read_module_id.svg| image:: https://static-cdn.m5stack.com/mpy_docs/module/pps/read_module_id.svg

.. |read_uid.svg| image:: https://static-cdn.m5stack.com/mpy_docs/module/pps/read_uid.svg

.. |get_i2c_address.svg| image:: https://static-cdn.m5stack.com/mpy_docs/module/pps/get_i2c_address.svg

.. |set_i2c_address.svg| image:: https://static-cdn.m5stack.com/mpy_docs/module/pps/set_i2c_address.svg

.. |example.svg| image:: https://static-cdn.m5stack.com/mpy_docs/module/pps/example.svg
