
.. |LoraModule| image:: https://static-cdn.m5stack.com/resource/docs/products/module/Module-LoRa433_V1.1/img-dac09b0a-7367-4ed9-9374-b604f646ec3b.webp
    :target: https://docs.m5stack.com/en/module/Module-LoRa433_V1.1
    :height: 200px
    :width: 200px

.. |init.svg| image:: https://static-cdn.m5stack.com/mpy_docs/module/lora/init.svg
.. |send.svg| image:: https://static-cdn.m5stack.com/mpy_docs/module/lora/send.svg
.. |recv.svg| image:: https://static-cdn.m5stack.com/mpy_docs/module/lora/recv.svg
.. |start_recv.svg| image:: https://static-cdn.m5stack.com/mpy_docs/module/lora/start_recv.svg
.. |set_irq_callback.svg| image:: https://static-cdn.m5stack.com/mpy_docs/module/lora/set_irq_callback.svg
.. |standby.svg| image:: https://static-cdn.m5stack.com/mpy_docs/module/lora/standby.svg
.. |sleep.svg| image:: https://static-cdn.m5stack.com/mpy_docs/module/lora/sleep.svg
.. |irq_triggered.svg| image:: https://static-cdn.m5stack.com/mpy_docs/module/lora/irq_triggered.svg

.. |example.svg| image:: https://static-cdn.m5stack.com/mpy_docs/module/lora/example.svg

