
.. |GPSV2Module| image:: https://m5stack.oss-cn-shenzhen.aliyuncs.com/resource/docs/products/module/Module%20GPS%20v2.0/4.webp
    :target: https://docs.m5stack.com/en/module/Module%20GPS%20v2.0
    :height: 200px
    :width: 200px

.. |init.png| image:: https://static-cdn.m5stack.com/mpy_docs/module/gps_v2/init.png
.. |example.png| image:: https://static-cdn.m5stack.com/mpy_docs/module/gps_v2/example.png
.. |set_work_mode.png| image:: https://static-cdn.m5stack.com/mpy_docs/module/gps_v2/set_work_mode.png
.. |get_work_mode.png| image:: https://static-cdn.m5stack.com/mpy_docs/module/gps_v2/get_work_mode.png
.. |get_antenna_state.png| image:: https://static-cdn.m5stack.com/mpy_docs/module/gps_v2/get_antenna_state.png
.. |get_gps_time.png| image:: https://static-cdn.m5stack.com/mpy_docs/module/gps_v2/get_gps_time.png
.. |get_gps_date.png| image:: https://static-cdn.m5stack.com/mpy_docs/module/gps_v2/get_gps_date.png
.. |get_gps_date_time.png| image:: https://static-cdn.m5stack.com/mpy_docs/module/gps_v2/get_gps_date_time.png
.. |get_timestamp.png| image:: https://static-cdn.m5stack.com/mpy_docs/module/gps_v2/get_timestamp.png
.. |get_latitude.png| image:: https://static-cdn.m5stack.com/mpy_docs/module/gps_v2/get_latitude.png
.. |get_longitude.png| image:: https://static-cdn.m5stack.com/mpy_docs/module/gps_v2/get_longitude.png
.. |get_altitude.png| image:: https://static-cdn.m5stack.com/mpy_docs/module/gps_v2/get_altitude.png
.. |get_satellite_num.png| image:: https://static-cdn.m5stack.com/mpy_docs/module/gps_v2/get_satellite_num.png
.. |get_pos_quality.png| image:: https://static-cdn.m5stack.com/mpy_docs/module/gps_v2/get_pos_quality.png
.. |get_corse_over_ground.png| image:: https://static-cdn.m5stack.com/mpy_docs/module/gps_v2/get_corse_over_ground.png
.. |get_speed_over_ground.png| image:: https://static-cdn.m5stack.com/mpy_docs/module/gps_v2/get_speed_over_ground.png
.. |set_time_zone.png| image:: https://static-cdn.m5stack.com/mpy_docs/module/gps_v2/set_time_zone.png
.. |get_time_zone.png| image:: https://static-cdn.m5stack.com/mpy_docs/module/gps_v2/get_time_zone.png
.. |deinit.png| image:: https://static-cdn.m5stack.com/mpy_docs/module/gps_v2/deinit.png


.. |gpsv2_core2_example.m5f2| raw:: html

    <a
        href="https://uiflow2.m5stack.com/?example=https://raw.githubusercontent.com/m5stack/uiflow-micropython/develop/examples/module/gpsv2/gpsv2_core2_example.m5f2"
        target="_blank"
    >
        gpsv2_core2_example.m5f2
    </a>

