..  |commu| image:: https://static-cdn.m5stack.com/resource/docs/products/module/commu/commu_01.webp
    :target: https://docs.m5stack.com/en/module/commu
    :height: 200px
    :width: 200px

.. |init.png| image:: https://m5stack.oss-cn-shenzhen.aliyuncs.com/mpy_docs/module/commu/init.png
.. |info.png| image:: https://m5stack.oss-cn-shenzhen.aliyuncs.com/mpy_docs/module/commu/info.png
.. |get_irq_state.png| image:: https://m5stack.oss-cn-shenzhen.aliyuncs.com/mpy_docs/module/commu/get_irq_state.png
.. |any.png| image:: https://m5stack.oss-cn-shenzhen.aliyuncs.com/mpy_docs/module/commu/any.png
.. |recv_message.png| image:: https://m5stack.oss-cn-shenzhen.aliyuncs.com/mpy_docs/module/commu/recv_message.png
.. |recv_message_into.png| image:: https://m5stack.oss-cn-shenzhen.aliyuncs.com/mpy_docs/module/commu/recv_message_into.png
.. |send.png| image:: https://m5stack.oss-cn-shenzhen.aliyuncs.com/mpy_docs/module/commu/send.png

.. |example.png| image:: https://static-cdn.m5stack.com/mpy_docs/module/commu/example.png

.. |commu_core2_example.m5f2| raw:: html

    <a
        href="https://uiflow2.m5stack.com/?example=https://raw.githubusercontent.com/m5stack/uiflow-micropython/develop/examples/module/commu/commu_core2_example.m5f2"
        target="_blank"
    >
        commu_core2_example.m5f2
    </a>