
.. |RCAModule| image:: https://static-cdn.m5stack.com/resource/docs/products/unit/RCA/img-9420bb3d-22b8-4f80-b7fe-e708088f1e51.webp
    :target: https://docs.m5stack.com/en/unit/RCA
    :height: 200px
    :width: 200px

.. |init.png| image:: https://static-cdn.m5stack.com/mpy_docs/module/rca/init.png

.. |example.png| image:: https://static-cdn.m5stack.com/mpy_docs/module/rca/example.png

.. |core2_rca_example.m5f2| raw:: html

    <a
        href="https://uiflow2.m5stack.com/?example=https://raw.githubusercontent.com/m5stack/uiflow-micropython/develop/examples/module/rca/core2_rca_example.m5f2"
        target="_blank"
    >
        core2_rca_example.m5f2
    </a>

