
.. |check_event.png| image:: https://static-cdn.m5stack.com/mpy_docs/software/easy_udp/server/check_event.png
.. |close.png| image:: https://static-cdn.m5stack.com/mpy_docs/software/easy_udp/server/close.png
.. |udp_server_core2_example.png| image:: https://static-cdn.m5stack.com/mpy_docs/software/easy_udp/server/example.png
.. |getpeername.png| image:: https://static-cdn.m5stack.com/mpy_docs/software/easy_udp/server/getpeername.png
.. |getsockname.png| image:: https://static-cdn.m5stack.com/mpy_docs/software/easy_udp/server/getsockname.png
.. |init.png| image:: https://static-cdn.m5stack.com/mpy_docs/software/easy_udp/server/init.png
.. |received_callback.png| image:: https://static-cdn.m5stack.com/mpy_docs/software/easy_udp/server/received_callback.png
.. |send.png| image:: https://static-cdn.m5stack.com/mpy_docs/software/easy_udp/server/send.png
.. |sendto.png| image:: https://static-cdn.m5stack.com/mpy_docs/software/easy_udp/server/sendto.png
.. |sendto2.png| image:: https://static-cdn.m5stack.com/mpy_docs/software/easy_udp/server/sendto2.png

.. |udp_server_core2_example.m5f2| raw:: html

    <a
        href="https://uiflow2.m5stack.com/?example=https://raw.githubusercontent.com/m5stack/uiflow-micropython/develop/examples/software/easysocket/udp_server/udp_server_core2_example.m5f2"
        target="_blank"
    >
        udp_server_core2_example.m5f2
    </a>
