.. |M5.begin.svg| image:: https://static-cdn.m5stack.com/mpy_docs/system/system/begin.svg
.. |M5.begin.png| image:: https://static-cdn.m5stack.com/mpy_docs/system/system/begin.png

.. |M5.update.svg| image:: https://static-cdn.m5stack.com/mpy_docs/system/system/update.svg
.. |M5.update.png| image:: https://static-cdn.m5stack.com/mpy_docs/system/system/update.png
