.. |setExtOutput1.png| image:: https://static-cdn.m5stack.com/mpy_docs/system/power/setExtOutput1.png
.. |setExtOutput2.png| image:: https://static-cdn.m5stack.com/mpy_docs/system/power/setExtOutput2.png

.. |getExtOutput.png| image:: https://static-cdn.m5stack.com/mpy_docs/system/power/getExtOutput.png

.. |setUsbOutput.png| image:: https://static-cdn.m5stack.com/mpy_docs/system/power/setUsbOutput.png

.. |getUsbOutput.png| image:: https://static-cdn.m5stack.com/mpy_docs/system/power/getUsbOutput.png

.. |setLed.png| image:: https://static-cdn.m5stack.com/mpy_docs/system/power/setLed.png

.. |powerOff.png| image:: https://static-cdn.m5stack.com/mpy_docs/system/power/powerOff.png

.. |timerSleep1.png| image:: https://static-cdn.m5stack.com/mpy_docs/system/power/timerSleep1.png
.. |timerSleep2.png| image:: https://static-cdn.m5stack.com/mpy_docs/system/power/timerSleep2.png
.. |timerSleep3.png| image:: https://static-cdn.m5stack.com/mpy_docs/system/power/timerSleep3.png


.. |deepSleep.png| image:: https://static-cdn.m5stack.com/mpy_docs/system/power/deepSleep.png

.. |lightSleep.png| image:: https://static-cdn.m5stack.com/mpy_docs/system/power/lightSleep.png

.. |getBatteryLevel.png| image:: https://static-cdn.m5stack.com/mpy_docs/system/power/getBatteryLevel.png

.. |setBatteryCharge.png| image:: https://static-cdn.m5stack.com/mpy_docs/system/power/setBatteryCharge.png

.. |setChargeCurrent.png| image:: https://static-cdn.m5stack.com/mpy_docs/system/power/setChargeCurrent.png

.. |setChargeVoltage.png| image:: https://static-cdn.m5stack.com/mpy_docs/system/power/setChargeVoltage.png

.. |isCharging.png| image:: https://static-cdn.m5stack.com/mpy_docs/system/power/isCharging.png

.. |getBatteryVoltage.png| image:: https://static-cdn.m5stack.com/mpy_docs/system/power/getBatteryVoltage.png

.. |getBatteryCurrent.png| image:: https://static-cdn.m5stack.com/mpy_docs/system/power/getBatteryCurrent.png

.. |getKeyState.png| image:: https://static-cdn.m5stack.com/mpy_docs/system/power/getKeyState.png

.. |setVibration.png| image:: https://static-cdn.m5stack.com/mpy_docs/system/power/setVibration.png
