.. |init.png| image:: ../../_static/system/audio/recorder/init.svg
.. |record.png| image:: ../../_static/system/audio/recorder/record.svg
.. |record_into.png| image:: ../../_static/system/audio/recorder/record_into.svg
.. |pause.png| image:: ../../_static/system/audio/recorder/pause.svg
.. |resume.png| image:: ../../_static/system/audio/recorder/resume.svg
.. |stop.png| image:: ../../_static/system/audio/recorder/stop.svg
.. |rms.png| image:: ../../_static/system/audio/recorder/rms.svg
.. |volume.png| image:: ../../_static/system/audio/recorder/volume.svg
.. |is_recording.png| image:: ../../_static/system/audio/recorder/is_recording.svg
.. |config.png| image:: ../../_static/system/audio/recorder/config.svg
