.. |Vibrator| image:: https://static-cdn.m5stack.com/resource/docs/products/unit/vibrator/vibrator_01.webp
    :target: https://docs.m5stack.com/en/unit/vibrator
    :height: 200px
    :width: 200px

.. |init.svg| image:: https://static-cdn.m5stack.com/mpy_docs/unit/vibrator/init.svg
.. |init.png| image:: https://static-cdn.m5stack.com/mpy_docs/unit/vibrator/init.png

.. |once.svg| image:: https://static-cdn.m5stack.com/mpy_docs/unit/vibrator/play_once.svg
.. |once.png| image:: https://static-cdn.m5stack.com/mpy_docs/unit/vibrator/play_once.png

.. |set_freq.svg| image:: https://static-cdn.m5stack.com/mpy_docs/unit/vibrator/set_freq.svg
.. |set_freq.png| image:: https://static-cdn.m5stack.com/mpy_docs/unit/vibrator/set_freq.png

.. |set_duty.svg| image:: https://static-cdn.m5stack.com/mpy_docs/unit/vibrator/set_duty.svg
.. |set_duty.png| image:: https://static-cdn.m5stack.com/mpy_docs/unit/vibrator/set_duty.png

.. |turn_off.svg| image:: https://static-cdn.m5stack.com/mpy_docs/unit/vibrator/turn_off.svg
.. |turn_off.png| image:: https://static-cdn.m5stack.com/mpy_docs/unit/vibrator/turn_off.png

.. |deinit.svg| image:: https://static-cdn.m5stack.com/mpy_docs/unit/vibrator/deinit.svg
.. |deinit.png| image:: https://static-cdn.m5stack.com/mpy_docs/unit/vibrator/deinit.png
