
.. |KeyUnit| image:: https://static-cdn.m5stack.com/resource/docs/products/unit/key/key_01.webp
    :target: https://docs.m5stack.com/en/unit/key
    :height: 200px
    :width: 200px

.. |__init__.svg| image:: https://static-cdn.m5stack.com/mpy_docs/module/keyunit/__init__.svg
.. |get_key_state.svg| image:: https://static-cdn.m5stack.com/mpy_docs/module/keyunit/get_key_state.svg
.. |set_color.svg| image:: https://static-cdn.m5stack.com/mpy_docs/module/keyunit/set_color.svg
.. |set_brightness.svg| image:: https://static-cdn.m5stack.com/mpy_docs/module/keyunit/set_brightness.svg

.. |example.svg| image:: https://static-cdn.m5stack.com/mpy_docs/module/keyunit/example.svg

