
.. |WateringUnit| image:: https://static-cdn.m5stack.com/resource/docs/products/unit/watering/watering_01.webp
    :target: https://docs.m5stack.com/en/unit/watering
    :height: 200px
    :width: 200px

.. |init.png| image:: https://static-cdn.m5stack.com/mpy_docs/unit/watering/init.png
.. |get_voltage.png| image:: https://static-cdn.m5stack.com/mpy_docs/unit/watering/get_voltage.png
.. |get_raw.png| image:: https://static-cdn.m5stack.com/mpy_docs/unit/watering/get_raw.png
.. |on.png| image:: https://static-cdn.m5stack.com/mpy_docs/unit/watering/on.png
.. |off.png| image:: https://static-cdn.m5stack.com/mpy_docs/unit/watering/off.png
.. |set_pump.png| image:: https://static-cdn.m5stack.com/mpy_docs/unit/watering/set_pump.png

.. |example.png| image:: https://static-cdn.m5stack.com/mpy_docs/unit/watering/example.png

.. |cores3_watering_example.m5f2| raw:: html

    <a
        href="https://uiflow2.m5stack.com/?example=https://raw.githubusercontent.com/m5stack/uiflow-micropython/develop/examples/unit/watering/cores3_watering_example.m5f2"
        target="_blank"
    >
        cores3_watering_example.m5f2
    </a>
