.. |FingerUnit| image:: https://static-cdn.m5stack.com/resource/docs/products/unit/finger/finger_01.webp
    :target: https://docs.m5stack.com/en/unit/finger
    :height: 200px
    :width: 200px

.. |init.svg| image:: https://static-cdn.m5stack.com/mpy_docs/unit/finger/init.svg

.. |sleep.svg| image:: https://static-cdn.m5stack.com/mpy_docs/unit/finger/sleep.svg

.. |get_add_mode.svg| image:: https://static-cdn.m5stack.com/mpy_docs/unit/finger/get_add_mode.svg

.. |set_add_mode.svg| image:: https://static-cdn.m5stack.com/mpy_docs/unit/finger/set_add_mode.svg

.. |add_user.svg| image:: https://static-cdn.m5stack.com/mpy_docs/unit/finger/add_user.svg

.. |delete_user.svg| image:: https://static-cdn.m5stack.com/mpy_docs/unit/finger/delete_user.svg

.. |delete_all_user.svg| image:: https://static-cdn.m5stack.com/mpy_docs/unit/finger/delete_all_user.svg

.. |get_user_count.svg| image:: https://static-cdn.m5stack.com/mpy_docs/unit/finger/get_user_count.svg

.. |get_user_capacity.svg| image:: https://static-cdn.m5stack.com/mpy_docs/unit/finger/get_user_capacity.svg

.. |compare_id.svg| image:: https://static-cdn.m5stack.com/mpy_docs/unit/finger/compare_id.svg

.. |compare_finger.svg| image:: https://static-cdn.m5stack.com/mpy_docs/unit/finger/compare_finger.svg

.. |get_user_list.svg| image:: https://static-cdn.m5stack.com/mpy_docs/unit/finger/get_user_list.svg

.. |get_user_info.svg| image:: https://static-cdn.m5stack.com/mpy_docs/unit/finger/get_user_info.svg

.. |get_user_permission.svg| image:: https://static-cdn.m5stack.com/mpy_docs/unit/finger/get_user_permission.svg

.. |get_user_characteristic.svg| image:: https://static-cdn.m5stack.com/mpy_docs/unit/finger/get_user_characteristic.svg

.. |add_user_info.svg| image:: https://static-cdn.m5stack.com/mpy_docs/unit/finger/add_user_info.svg

.. |capture_characteristic.svg| image:: https://static-cdn.m5stack.com/mpy_docs/unit/finger/capture_characteristic.svg

.. |get_match_level.svg| image:: https://static-cdn.m5stack.com/mpy_docs/unit/finger/get_match_level.svg

.. |set_match_level.svg| image:: https://static-cdn.m5stack.com/mpy_docs/unit/finger/set_match_level.svg
