
.. |RCAUnit| image:: https://static-cdn.m5stack.com/resource/docs/products/unit/RCA/img-9420bb3d-22b8-4f80-b7fe-e708088f1e51.webp
    :target: https://docs.m5stack.com/en/unit/RCA
    :height: 200px
    :width: 200px

.. |init.svg| image:: https://static-cdn.m5stack.com/mpy_docs/unit/rca/init.svg

