.. |MINISCALE| image:: https://static-cdn.m5stack.com/resource/docs/products/unit/Unit-Mini%20Scales/img-b9cc6e44-bd3c-4256-bd72-5fb45423483c.webp
    :target: https://docs.m5stack.com/en/unit/Unit-Mini%20Scales
    :height: 200px
    :width: 200px

.. |init.png| image:: https://static-cdn.m5stack.com/mpy_docs/unit/miniscales/init.png
.. |calibration.png| image:: https://static-cdn.m5stack.com/mpy_docs/unit/miniscales/calibration.png
.. |tare.png| image:: https://static-cdn.m5stack.com/mpy_docs/unit/miniscales/tare.png
.. |get_average_filter_level.png| image:: https://static-cdn.m5stack.com/mpy_docs/unit/miniscales/getAverageFilterLevel.png
.. |get_ema_filter_alpha.png| image:: https://static-cdn.m5stack.com/mpy_docs/unit/miniscales/getEMAFilterAlpha.png
.. |get_low_pass_filter.png| image:: https://static-cdn.m5stack.com/mpy_docs/unit/miniscales/getLowPassFilter.png
.. |get_adc.png| image:: https://static-cdn.m5stack.com/mpy_docs/unit/miniscales/get_adc.png
.. |get_button.png| image:: https://static-cdn.m5stack.com/mpy_docs/unit/miniscales/get_button.png
.. |get_weight.png| image:: https://static-cdn.m5stack.com/mpy_docs/unit/miniscales/get_weight.png
.. |reset.png| image:: https://static-cdn.m5stack.com/mpy_docs/unit/miniscales/reset.png
.. |set_average_filter_level.png| image:: https://static-cdn.m5stack.com/mpy_docs/unit/miniscales/setAverageFilterLevel.png
.. |set_ema_filter_alpha.png| image:: https://static-cdn.m5stack.com/mpy_docs/unit/miniscales/setEMAFilterAlpha.png
.. |set_led.png| image:: https://static-cdn.m5stack.com/mpy_docs/unit/miniscales/setLed.png
.. |set_low_pass_filter.png| image:: https://static-cdn.m5stack.com/mpy_docs/unit/miniscales/setLowPassFilter.png

.. |m5cores3_miniscales_base_example.png| image:: https://static-cdn.m5stack.com/mpy_docs/unit/miniscales/base_example.png

.. |m5cores3_miniscales_calibrate_example.png| image:: https://static-cdn.m5stack.com/mpy_docs/unit/miniscales/calibrate_example.png

.. |m5cores3_miniscales_base_example.m5f2| raw:: html

    <a
        href="https://uiflow2.m5stack.com/?example=https://raw.githubusercontent.com/m5stack/uiflow-micropython/develop/examples/unit/miniscales/m5cores3_miniscales_base_example.m5f2"
        target="_blank"
    >
        m5cores3_miniscales_base_example.m5f2
    </a>

.. |m5cores3_miniscales_calibrate_example.m5f2| raw:: html

    <a
        href="https://uiflow2.m5stack.com/?example=https://raw.githubusercontent.com/m5stack/uiflow-micropython/develop/examples/unit/miniscales/m5cores3_miniscales_calibrate_example.m5f2"
        target="_blank"
    >
        m5cores3_miniscales_calibrate_example.m5f2
    </a>
