.. |ExtEncoderUnit| image:: https://static-cdn.m5stack.com/resource/docs/products/unit/ExtEncoder%20Unit/img-d6cf0ce3-d72b-4638-b3c3-3181eeb7cd36.webp
    :target: https://docs.m5stack.com/zh_CN/unit/ExtEncoder%20Unit
    :height: 200px
    :width: 200px


.. |init.svg| image:: https://static-cdn.m5stack.com/mpy_docs/unit/extencoder/init.svg

.. |get_rotary_status.svg| image:: https://static-cdn.m5stack.com/mpy_docs/unit/extencoder/get_rotary_status.svg

.. |get_rotary_value.svg| image:: https://static-cdn.m5stack.com/mpy_docs/unit/extencoder/get_rotary_value.svg

.. |get_rotary_increments.svg| image:: https://static-cdn.m5stack.com/mpy_docs/unit/extencoder/get_rotary_increments.svg

.. |reset_rotary_value.svg| image:: https://static-cdn.m5stack.com/mpy_docs/unit/extencoder/reset_rotary_value.svg

.. |set_rotary_value.svg| image:: https://static-cdn.m5stack.com/mpy_docs/unit/extencoder/set_rotary_value.svg

.. |get_perimeter.svg| image:: https://static-cdn.m5stack.com/mpy_docs/unit/extencoder/get_perimeter.svg

.. |set_perimeter.svg| image:: https://static-cdn.m5stack.com/mpy_docs/unit/extencoder/set_perimeter.svg

.. |get_pulse.svg| image:: https://static-cdn.m5stack.com/mpy_docs/unit/extencoder/get_pulse.svg

.. |set_pulse.svg| image:: https://static-cdn.m5stack.com/mpy_docs/unit/extencoder/set_pulse.svg

.. |get_zero_mode.svg| image:: https://static-cdn.m5stack.com/mpy_docs/unit/extencoder/get_zero_mode.svg

.. |set_zero_mode.svg| image:: https://static-cdn.m5stack.com/mpy_docs/unit/extencoder/set_zero_mode.svg

.. |get_meter_value.svg| image:: https://static-cdn.m5stack.com/mpy_docs/unit/extencoder/get_meter_value.svg

.. |get_zero_pulse_value.svg| image:: https://static-cdn.m5stack.com/mpy_docs/unit/extencoder/get_zero_pulse_value.svg

.. |set_zero_pulse_value.svg| image:: https://static-cdn.m5stack.com/mpy_docs/unit/extencoder/set_zero_pulse.svg

.. |get_firmware_version.svg| image:: https://static-cdn.m5stack.com/mpy_docs/unit/extencoder/get_firmware_version.svg

.. |set_address.svg| image:: https://static-cdn.m5stack.com/mpy_docs/unit/extencoder/set_address.svg
