.. |LoRaE220| image:: https://static-cdn.m5stack.com/resource/docs/products/unit/LoRaE220-JP%20Unit/img-09091755-bb45-4d76-9800-2203cb8142ca.webp
    :target: https://docs.m5stack.com/zh_CN/unit/LoRaE220-JP%20Unit
    :height: 200px
    :width: 200 px

.. |tx_example.svg| image:: https://static-cdn.m5stack.com/mpy_docs/unit/lorae220/tx_example.svg

.. |rx_example.svg| image:: https://static-cdn.m5stack.com/mpy_docs/unit/lorae220/rx_example.svg

.. |lora_e220_core_example.m5f2| image:: https://static-cdn.m5stack.com/mpy_docs/unit/env/init.svg

.. |working mode.jpg| image:: https://static-cdn.m5stack.com/resource/docs/products/unit/LoRaE220-JP%20Unit/3.jpg

.. |init.svg| image:: https://static-cdn.m5stack.com/mpy_docs/unit/lorae220/init.svg

.. |setup.svg| image:: https://static-cdn.m5stack.com/mpy_docs/unit/lorae220/setup.svg

.. |receiveNoneBlock.svg| image:: https://static-cdn.m5stack.com/mpy_docs/unit/lorae220/receiveNoneBlock.svg

.. |receive_callback1.svg| image:: https://static-cdn.m5stack.com/mpy_docs/unit/lorae220/receive_data_event.svg

.. |receive_callback2.svg| image:: https://static-cdn.m5stack.com/mpy_docs/unit/lorae220/receive_data_str_event.svg

.. |stopReceive.svg| image:: https://static-cdn.m5stack.com/mpy_docs/unit/lorae220/stopReceive.svg

.. |receive.svg| image:: https://static-cdn.m5stack.com/mpy_docs/unit/lorae220/receive.svg

.. |send1.svg| image:: https://static-cdn.m5stack.com/mpy_docs/unit/lorae220/send.svg

.. |send2.svg| image:: https://static-cdn.m5stack.com/mpy_docs/unit/lorae220/send_line.svg

.. |send3.svg| image:: https://static-cdn.m5stack.com/mpy_docs/unit/lorae220/send_raw_data.svg

.. |lora_e220_tx_core2.m5f2| raw:: html

    <a href="https://uiflow2.m5stack.com/?example=https://raw.githubusercontent.com/m5stack/uiflow-micropython/develop/examples/unit/lora_e220/lora_e220_tx_core2.m5f2" target="_blank">lora_e220_tx_core2.m5f2</a>

.. |lora_e220_rx_dial.m5f2| raw:: html

    <a href="https://uiflow2.m5stack.com/?example=https://raw.githubusercontent.com/m5stack/uiflow-micropython/develop/examples/unit/lora_e220/lora_e220_rx_dial.m5f2" target="_blank">lora_e220_rx_dial.m5f2</a>
