
.. |KeyUnit| image:: https://static-cdn.m5stack.com/resource/docs/products/unit/key/key_01.webp
    :target: https://docs.m5stack.com/en/unit/key
    :height: 200px
    :width: 200px

.. |init.svg| image:: https://static-cdn.m5stack.com/mpy_docs/unit/key/init.svg
.. |get_key_state.svg| image:: https://static-cdn.m5stack.com/mpy_docs/unit/key/get_key_state.svg
.. |set_color.svg| image:: https://static-cdn.m5stack.com/mpy_docs/unit/key/set_color.svg
.. |set_brightness.svg| image:: https://static-cdn.m5stack.com/mpy_docs/unit/key/set_brightness.svg

.. |isHolding.svg| image:: https://static-cdn.m5stack.com/mpy_docs/hardware/button/isHolding.svg

.. |isPressed.svg| image:: https://static-cdn.m5stack.com/mpy_docs/hardware/button/isPressed.svg

.. |isReleased.svg| image:: https://static-cdn.m5stack.com/mpy_docs/hardware/button/isReleased.svg

.. |wasClicked.svg| image:: https://static-cdn.m5stack.com/mpy_docs/hardware/button/wasClicked.svg

.. |wasDoubleClicked.svg| image:: https://static-cdn.m5stack.com/mpy_docs/hardware/button/wasDoubleClicked.svg

.. |wasHold.svg| image:: https://static-cdn.m5stack.com/mpy_docs/hardware/button/wasHold.svg

.. |wasPressed.svg| image:: https://static-cdn.m5stack.com/mpy_docs/hardware/button/wasPressed.svg

.. |wasReleased.svg| image:: https://static-cdn.m5stack.com/mpy_docs/hardware/button/wasReleased.svg

.. |wasSingleClicked.svg| image:: https://static-cdn.m5stack.com/mpy_docs/hardware/button/wasSingleClicked.svg

.. |setCallback.svg| image:: https://static-cdn.m5stack.com/mpy_docs/hardware/button/setCallback.svg



.. |example.svg| image:: https://static-cdn.m5stack.com/mpy_docs/unit/key/example.svg

