.. |JoystickUnit| image:: https://static-cdn.m5stack.com/resource/docs/products/unit/joystick_1.1/joystick_1.1_01.webp
    :target: https://docs.m5stack.com/en/unit/joystick_1.1
    :height: 200px
    :width: 200px

.. |init.svg| image:: https://static-cdn.m5stack.com/mpy_docs/unit/joystick/init.svg

.. |get_x_raw.svg| image:: https://static-cdn.m5stack.com/mpy_docs/unit/joystick/get_x_raw.svg

.. |get_y_raw.svg| image:: https://static-cdn.m5stack.com/mpy_docs/unit/joystick/get_y_raw.svg

.. |get_x.svg| image:: https://static-cdn.m5stack.com/mpy_docs/unit/joystick/get_x.svg

.. |get_y.svg| image:: https://static-cdn.m5stack.com/mpy_docs/unit/joystick/get_y.svg

.. |swap_x.svg| image:: https://static-cdn.m5stack.com/mpy_docs/unit/joystick/swap_x.svg

.. |swap_y.svg| image:: https://static-cdn.m5stack.com/mpy_docs/unit/joystick/swap_y.svg

.. |get_button_status.svg| image:: https://static-cdn.m5stack.com/mpy_docs/unit/joystick/get_button_status.svg
