.. |MINISCALE| image:: https://static-cdn.m5stack.com/resource/docs/products/unit/Unit-Mini%20Scales/img-b9cc6e44-bd3c-4256-bd72-5fb45423483c.webp
    :target: https://docs.m5stack.com/en/unit/Unit-Mini%20Scales
    :height: 200px
    :width: 200px

.. |init.svg| image:: https://static-cdn.m5stack.com/mpy_docs/unit/miniscales/init.svg

.. |calibration.svg| image:: https://static-cdn.m5stack.com/mpy_docs/unit/miniscales/calibration.svg

.. |getAverageFilterLevel.svg| image:: https://static-cdn.m5stack.com/mpy_docs/unit/miniscales/getAverageFilterLevel.svg

.. |getEMAFilterAlpha.svg| image:: https://static-cdn.m5stack.com/mpy_docs/unit/miniscales/getEMAFilterAlpha.svg

.. |getLowPassFilter.svg| image:: https://static-cdn.m5stack.com/mpy_docs/unit/miniscales/getLowPassFilter.svg

.. |get_adc.svg| image:: https://static-cdn.m5stack.com/mpy_docs/unit/miniscales/get_adc.svg

.. |get_button.svg| image:: https://static-cdn.m5stack.com/mpy_docs/unit/miniscales/get_button.svg

.. |get_weight.svg| image:: https://static-cdn.m5stack.com/mpy_docs/unit/miniscales/get_weight.svg

.. |reset.svg| image:: https://static-cdn.m5stack.com/mpy_docs/unit/miniscales/reset.svg

.. |setAverageFilterLevel.svg| image:: https://static-cdn.m5stack.com/mpy_docs/unit/miniscales/setAverageFilterLevel.svg

.. |setEMAFilterAlpha.svg| image:: https://static-cdn.m5stack.com/mpy_docs/unit/miniscales/setEMAFilterAlpha.svg

.. |setLed.svg| image:: https://static-cdn.m5stack.com/mpy_docs/unit/miniscales/setLed.svg

.. |setLowPassFilter.svg| image:: https://static-cdn.m5stack.com/mpy_docs/unit/miniscales/setLowPassFilter.svg

.. |example.svg| image:: https://static-cdn.m5stack.com/mpy_docs/unit/miniscales/example.svg
