.. |HallEffect| image:: https://static-cdn.m5stack.com/resource/docs/products/unit/hall/hall_01.webp
    :target: https://docs.m5stack.com/zh_CN/unit/hall
    :height: 200px
    :width: 200px

.. |init.svg| image:: https://static-cdn.m5stack.com/mpy_docs/unit/hall_effect/init.svg

.. |get_status.svg| image:: https://static-cdn.m5stack.com/mpy_docs/unit/hall_effect/get_status.svg

.. |enable_irq.svg| image:: https://static-cdn.m5stack.com/mpy_docs/unit/hall_effect/enable_irq.svg

.. |disable_irq.svg| image:: https://static-cdn.m5stack.com/mpy_docs/unit/hall_effect/disable_irq.svg

.. |set_callback.svg| image:: https://static-cdn.m5stack.com/mpy_docs/unit/hall_effect/set_callback.svg
