
.. |FaderUnit| image:: https://static-cdn.m5stack.com/resource/docs/products/unit/fader/fader_01.webp
    :target: https://docs.m5stack.com/en/unit/fader
    :height: 200px
    :width: 200px

.. |init.svg| image:: https://static-cdn.m5stack.com/mpy_docs/unit/fader/init.svg
.. |get_voltage.svg| image:: https://static-cdn.m5stack.com/mpy_docs/unit/fader/get_voltage.svg
.. |get_raw.svg| image:: https://static-cdn.m5stack.com/mpy_docs/unit/fader/get_raw.svg
.. |update_color.svg| image:: https://static-cdn.m5stack.com/mpy_docs/unit/fader/update_color.svg
.. |update_brightness.svg| image:: https://static-cdn.m5stack.com/mpy_docs/unit/fader/update_brightness.svg
.. |set_brightness.svg| image:: https://static-cdn.m5stack.com/mpy_docs/unit/fader/set_brightness.svg
.. |fill_color.svg| image:: https://static-cdn.m5stack.com/mpy_docs/unit/fader/fill_color.svg
.. |set_color.svg| image:: https://static-cdn.m5stack.com/mpy_docs/unit/fader/set_color.svg
