.. |Buzzer| image:: https://static-cdn.m5stack.com/resource/docs/products/unit/buzzer/buzzer_01.webp
    :target: https://docs.m5stack.com/zh_CN/unit/buzzer
    :height: 200px
    :width: 200px

.. |init.svg| image:: https://m5stack.oss-cn-shenzhen.aliyuncs.com/mpy_docs/unit/buzzer/init.svg

.. |once.svg| image:: https://m5stack.oss-cn-shenzhen.aliyuncs.com/mpy_docs/unit/buzzer/play_once.svg

.. |set_freq.svg| image:: https://m5stack.oss-cn-shenzhen.aliyuncs.com/mpy_docs/unit/buzzer/set_freq.svg

.. |set_duty.svg| image:: https://m5stack.oss-cn-shenzhen.aliyuncs.com/mpy_docs/unit/buzzer/set_duty.svg

.. |turn_off.svg| image:: https://m5stack.oss-cn-shenzhen.aliyuncs.com/mpy_docs/unit/buzzer/turn_off.svg

.. |deinit.svg| image:: https://m5stack.oss-cn-shenzhen.aliyuncs.com/mpy_docs/unit/buzzer/deinit.svg
