
.. |CatchUnit| image:: https://static-cdn.m5stack.com/resource/docs/products/unit/catch/catch_01.webp
    :target: https://docs.m5stack.com/en/unit/catch
    :height: 200px
    :width: 200px

.. |init.png| image:: https://static-cdn.m5stack.com/mpy_docs/unit/catch/init.png
.. |clamp.png| image:: https://static-cdn.m5stack.com/mpy_docs/unit/catch/clamp.png
.. |release.png| image:: https://static-cdn.m5stack.com/mpy_docs/unit/catch/release.png
.. |set_duty.png| image:: https://static-cdn.m5stack.com/mpy_docs/unit/catch/set_duty.png
.. |set_clamp_percent.png| image:: https://static-cdn.m5stack.com/mpy_docs/unit/catch/set_clamp_percent.png
.. |deinit.png| image:: https://static-cdn.m5stack.com/mpy_docs/unit/catch/deinit.png

.. |example.png| image:: https://static-cdn.m5stack.com/mpy_docs/unit/catch/example.png

.. |cores3_catch_example.m5f2| raw:: html

    <a
        href="https://uiflow2.m5stack.com/?example=https://raw.githubusercontent.com/m5stack/uiflow-micropython/develop/examples/unit/catch/cores3_catch_example.m5f2"
        target="_blank"
    >
        cores3_catch_example.m5f2
    </a>
