.. |LoRaE220| image:: https://static-cdn.m5stack.com/resource/docs/products/unit/LoRaE220-JP%20Unit/img-09091755-bb45-4d76-9800-2203cb8142ca.webp
    :target: https://docs.m5stack.com/zh_CN/unit/LoRaE220-JP%20Unit
    :height: 200px
    :width: 200px

.. |tx_example.png| image:: https://static-cdn.m5stack.com/mpy_docs/unit/lorae220/tx_example.png

.. |rx_example.png| image:: https://static-cdn.m5stack.com/mpy_docs/unit/lorae220/rx_example.png

.. |lora_e220_core_example.m5f2| image:: https://static-cdn.m5stack.com/mpy_docs/unit/env/init.png

.. |working mode.jpg| image:: https://static-cdn.m5stack.com/resource/docs/products/unit/LoRaE220-JP%20Unit/3.jpg

.. |init.png| image:: https://static-cdn.m5stack.com/mpy_docs/unit/lorae220/init.png

.. |setup.png| image:: https://static-cdn.m5stack.com/mpy_docs/unit/lorae220/setup.png

.. |receiveNoneBlock.png| image:: https://static-cdn.m5stack.com/mpy_docs/unit/lorae220/receiveNoneBlock.png

.. |receive_callback1.png| image:: https://static-cdn.m5stack.com/mpy_docs/unit/lorae220/receive_data_event.png

.. |receive_callback2.png| image:: https://static-cdn.m5stack.com/mpy_docs/unit/lorae220/receive_data_str_event.png

.. |stopReceive.png| image:: https://static-cdn.m5stack.com/mpy_docs/unit/lorae220/stopReceive.png

.. |receive.png| image:: https://static-cdn.m5stack.com/mpy_docs/unit/lorae220/receive.png

.. |send1.png| image:: https://static-cdn.m5stack.com/mpy_docs/unit/lorae220/send.png

.. |send2.png| image:: https://static-cdn.m5stack.com/mpy_docs/unit/lorae220/send_line.png

.. |send3.png| image:: https://static-cdn.m5stack.com/mpy_docs/unit/lorae220/send_raw_data.png

.. |lora_e220_tx_core2.m5f2| raw:: html

    <a href="https://uiflow2.m5stack.com/?example=https://raw.githubusercontent.com/m5stack/uiflow-micropython/develop/examples/unit/lora_e220/lora_e220_tx_core2.m5f2" target="_blank">lora_e220_tx_core2.m5f2</a>

.. |lora_e220_rx_dial.m5f2| raw:: html

    <a href="https://uiflow2.m5stack.com/?example=https://raw.githubusercontent.com/m5stack/uiflow-micropython/develop/examples/unit/lora_e220/lora_e220_rx_dial.m5f2" target="_blank">lora_e220_rx_dial.m5f2</a>
