
.. |ENVPROUnit| image:: https://static-cdn.m5stack.com/resource/docs/products/unit/ENV%20Pro%20Unit/img-2ba12134-9756-471a-b1a5-ba803a875e8f.webp
    :target: https://docs.m5stack.com/en/unit/ENV%20Pro%20Unit
    :height: 200px
    :width: 200px

.. |init.png| image:: https://static-cdn.m5stack.com/mpy_docs/unit/env_pro/init.png
.. |get_over_sampling_rate.png| image:: https://static-cdn.m5stack.com/mpy_docs/unit/env_pro/get_over_sampling_rate.png
.. |set_over_sampling_rate.png| image:: https://static-cdn.m5stack.com/mpy_docs/unit/env_pro/set_over_sampling_rate.png
.. |get_iir_filter_coefficient.png| image:: https://static-cdn.m5stack.com/mpy_docs/unit/env_pro/get_iir_filter_coefficient.png
.. |set_iir_filter_coefficient.png| image:: https://static-cdn.m5stack.com/mpy_docs/unit/env_pro/set_iir_filter_coefficient.png
.. |get_temperature.png| image:: https://static-cdn.m5stack.com/mpy_docs/unit/env_pro/get_temperature.png
.. |get_humidity.png| image:: https://static-cdn.m5stack.com/mpy_docs/unit/env_pro/get_humidity.png
.. |get_pressure.png| image:: https://static-cdn.m5stack.com/mpy_docs/unit/env_pro/get_pressure.png
.. |get_gas_resistance.png| image:: https://static-cdn.m5stack.com/mpy_docs/unit/env_pro/get_gas_resistance.png
.. |get_altitude.png| image:: https://static-cdn.m5stack.com/mpy_docs/unit/env_pro/get_altitude.png

.. |example.png| image:: https://static-cdn.m5stack.com/mpy_docs/unit/env_pro/example.png

.. |envpro_cores3_example.m5f2| raw:: html

    <a
        href="https://uiflow2.m5stack.com/?example=https://raw.githubusercontent.com/m5stack/uiflow-micropython/develop/examples/unit/envpro/envpro_cores3_example.m5f2"
        target="_blank"
    >
        envpro_cores3_example.m5f2
    </a>

