.. |Reflective IR Unit| image:: https://static-cdn.m5stack.com/resource/docs/products/unit/Unit-Reflective%20IR/img-c9762edb-419d-4e67-85ac-d0056667d97f.webp
    :target: https://docs.m5stack.com/zh_CN/unit/Unit-Reflective%20IR
    :height: 200px
    :width: 200px


.. |init.svg| image:: https://static-cdn.m5stack.com/mpy_docs/unit/reflective_ir/init.svg

.. |enable_irq.svg| image:: https://static-cdn.m5stack.com/mpy_docs/unit/reflective_ir/enable_irq.svg

.. |disable_irq.svg| image:: https://static-cdn.m5stack.com/mpy_docs/unit/reflective_ir/disable_irq.svg

.. |set_callback.svg| image:: https://static-cdn.m5stack.com/mpy_docs/unit/reflective_ir/set_callback.svg

.. |get_analog_value.svg| image:: https://static-cdn.m5stack.com/mpy_docs/unit/reflective_ir/get_analog_value.svg

.. |get_digital_value.svg| image:: https://static-cdn.m5stack.com/mpy_docs/unit/reflective_ir/get_digital_value.svg
