.. |CAN Unit| image:: https://static-cdn.m5stack.com/resource/docs/products/unit/can/can_01.webp
    :target: https://docs.m5stack.com/zh_CN/unit/can
    :height: 200px
    :width: 200px

.. |MiniCAN Unit| image:: https://static-cdn.m5stack.com/resource/docs/products/unit/Unit-Mini%20CAN/img-027ca92c-9862-4be2-96d3-e88ca7d4ea77.webp
    :target: https://docs.m5stack.com/zh_CN/unit/Unit-Mini%20CAN
    :height: 200px
    :width: 200px

.. |init.png| image:: https://m5stack.oss-cn-shenzhen.aliyuncs.com/mpy_docs/unit/can/init.png

.. |tx_example.png| image:: https://static-cdn.m5stack.com/mpy_docs/unit/can/tx_example.png

.. |stickc_plus2_can_tx_example.m5f2| raw:: html

    <a
        href="https://uiflow2.m5stack.com/?example=https://raw.githubusercontent.com/m5stack/uiflow-micropython/develop/examples/unit/can/stickc_plus2_can_tx_example.m5f2"
        target="_blank"
    >
        stickc_plus2_can_tx_example.m5f2
    </a>

.. |rx_example.png| image:: https://static-cdn.m5stack.com/mpy_docs/unit/can/rx_example.png

.. |dial_can_rx_example.m5f2| raw:: html

    <a
        href="https://uiflow2.m5stack.com/?example=https://raw.githubusercontent.com/m5stack/uiflow-micropython/develop/examples/unit/can/dial_can_rx_example.m5f2"
        target="_blank"
    >
        dial_can_rx_example.m5f2
    </a>