.. |ThermalUnit| image:: https://static-cdn.m5stack.com/resource/docs/products/unit/THERMAL/img-92fc4d7d-3b52-4ee6-b483-80d7209289e3.webp
    :target: https://docs.m5stack.com/en/unit/THERMAL
    :height: 200px
    :width: 200px


.. |init.png| image:: https://static-cdn.m5stack.com/mpy_docs/unit/thermal/init.png

.. |get_max_temperature.png| image:: https://static-cdn.m5stack.com/mpy_docs/unit/thermal/get_max_temperature.png

.. |get_midpoint_temperature.png| image:: https://static-cdn.m5stack.com/mpy_docs/unit/thermal/get_midpoint_temperature.png

.. |get_min_temperature.png| image:: https://static-cdn.m5stack.com/mpy_docs/unit/thermal/get_min_temperature.png

.. |get_pixel_temperature.png| image:: https://static-cdn.m5stack.com/mpy_docs/unit/thermal/get_pixel_temperature.png

.. |get_refresh_rate.png| image:: https://static-cdn.m5stack.com/mpy_docs/unit/thermal/get_refresh_rate.png

.. |get_temperature_buffer.png| image:: https://static-cdn.m5stack.com/mpy_docs/unit/thermal/get_temperature_buffer.png

.. |set_refresh_rate.png| image:: https://static-cdn.m5stack.com/mpy_docs/unit/thermal/set_refresh_rate.png

.. |update_temperature_buffer.png| image:: https://static-cdn.m5stack.com/mpy_docs/unit/thermal/update_temperature_buffer.png
