.. |ACCEL| image:: https://static-cdn.m5stack.com/resource/docs/products/unit/accel/accel_01.webp
    :target: https://docs.m5stack.com/en/unit/accel
    :height: 200px
    :width: 200px

.. |init.svg| image:: https://static-cdn.m5stack.com/mpy_docs/unit/accel/init.svg

.. |get_accel.svg| image:: https://static-cdn.m5stack.com/mpy_docs/unit/accel/get_accel.svg

.. |enable_motion_detection1.svg| image:: https://static-cdn.m5stack.com/mpy_docs/unit/accel/enable_motion_detection.svg

.. |enable_motion_detection2.svg| image:: https://static-cdn.m5stack.com/mpy_docs/unit/accel/enable_motion_detection1.svg

.. |disable_motion_detection.svg| image:: https://static-cdn.m5stack.com/mpy_docs/unit/accel/disable_motion_detection.svg

.. |is_tap.svg| image:: https://static-cdn.m5stack.com/mpy_docs/unit/accel/is_tap.svg

.. |is_motion.svg| image:: https://static-cdn.m5stack.com/mpy_docs/unit/accel/is_motion.svg

.. |is_freefall.svg| image:: https://static-cdn.m5stack.com/mpy_docs/unit/accel/is_freefall.svg

.. |enable_freefall_detection1.svg| image:: https://static-cdn.m5stack.com/mpy_docs/unit/accel/enable_freefall_detection.svg

.. |enable_freefall_detection2.svg| image:: https://static-cdn.m5stack.com/mpy_docs/unit/accel/enable_freefall_detection2.svg

.. |disable_freefall_detection.svg| image:: https://static-cdn.m5stack.com/mpy_docs/unit/accel/disable_freefall_detection.svg

.. |enable_tap_detection1.svg| image:: https://static-cdn.m5stack.com/mpy_docs/unit/accel/enable_tap_detection.svg

.. |enable_tap_detection2.svg| image:: https://static-cdn.m5stack.com/mpy_docs/unit/accel/enable_tap_detection2.svg

.. |disable_tap_detection.svg| image:: https://static-cdn.m5stack.com/mpy_docs/unit/accel/disable_tap_detection.svg

.. |get_data_rate.svg| image:: https://static-cdn.m5stack.com/mpy_docs/unit/accel/get_data_rate.svg

.. |set_data_rate.svg| image:: https://static-cdn.m5stack.com/mpy_docs/unit/accel/set_data_rate.svg

.. |get_range.svg| image:: https://static-cdn.m5stack.com/mpy_docs/unit/accel/get_range.svg

.. |set_range.svg| image:: https://static-cdn.m5stack.com/mpy_docs/unit/accel/set_range.svg
