
.. |SSRUnit| image:: https://static-cdn.m5stack.com/resource/docs/products/unit/ssr/ssr_01.webp
    :target: https://docs.m5stack.com/en/unit/ssr
    :height: 200px
    :width: 200px

.. |__init__.svg| image:: https://static-cdn.m5stack.com/mpy_docs/module/ssrunit/__init__.svg
.. |on.svg| image:: https://static-cdn.m5stack.com/mpy_docs/module/ssrunit/on.svg
.. |off.svg| image:: https://static-cdn.m5stack.com/mpy_docs/module/ssrunit/off.svg
.. |set_state.svg| image:: https://static-cdn.m5stack.com/mpy_docs/module/ssrunit/set_state.svg

.. |example.svg| image:: https://static-cdn.m5stack.com/mpy_docs/module/ssrunit/example.svg

