.. |ByteButtonUnit| image:: https://static-cdn.m5stack.com/resource/docs/products/unit/Unit%20ByteButton/4.webp
    :target: https://docs.m5stack.com/en/unit/Unit%20ByteButton
    :height: 200px
    :width: 200px

.. |init.png| image:: https://static-cdn.m5stack.com/mpy_docs/unit/bytebutton/init.png
.. |get_byte_button_status.png| image:: https://static-cdn.m5stack.com/mpy_docs/unit/bytebutton/get_byte_button_status.png
.. |get_button_state.png| image:: https://static-cdn.m5stack.com/mpy_docs/unit/bytebutton/get_button_state.png
.. |get_led_show_mode.png| image:: https://static-cdn.m5stack.com/mpy_docs/unit/bytebutton/get_led_show_mode.png
.. |set_led_show_mode.png| image:: https://static-cdn.m5stack.com/mpy_docs/unit/bytebutton/set_led_show_mode.png
.. |set_led_brightness.png| image:: https://static-cdn.m5stack.com/mpy_docs/unit/bytebutton/set_led_brightness.png
.. |get_led_brightness.png| image:: https://static-cdn.m5stack.com/mpy_docs/unit/bytebutton/get_led_brightness.png
.. |set_sys_mode_led_color.png| image:: https://static-cdn.m5stack.com/mpy_docs/unit/bytebutton/set_sys_mode_led_color.png
.. |set_user_mode_led_color.png| image:: https://static-cdn.m5stack.com/mpy_docs/unit/bytebutton/set_user_mode_led_color.png
.. |get_sys_mode_led_color.png| image:: https://static-cdn.m5stack.com/mpy_docs/unit/bytebutton/get_sys_mode_led_color.png
.. |get_user_mode_led_color.png| image:: https://static-cdn.m5stack.com/mpy_docs/unit/bytebutton/get_user_mode_led_color.png
.. |set_indicator_brightness.png| image:: https://static-cdn.m5stack.com/mpy_docs/unit/bytebutton/set_indicator_brightness.png
.. |get_indicator_brightness.png| image:: https://static-cdn.m5stack.com/mpy_docs/unit/bytebutton/get_indicator_brightness.png
.. |set_indicator_color.png| image:: https://static-cdn.m5stack.com/mpy_docs/unit/bytebutton/set_indicator_color.png
.. |get_indicator_color.png| image:: https://static-cdn.m5stack.com/mpy_docs/unit/bytebutton/get_indicator_color.png
.. |rgb888_to_rgb233.png| image:: https://static-cdn.m5stack.com/mpy_docs/unit/bytebutton/rgb888_to_rgb233.png
.. |set_rgb233.png| image:: https://static-cdn.m5stack.com/mpy_docs/unit/bytebutton/set_rgb233.png
.. |get_rgb233.png| image:: https://static-cdn.m5stack.com/mpy_docs/unit/bytebutton/get_rgb233.png
.. |set_irq_enable.png| image:: https://static-cdn.m5stack.com/mpy_docs/unit/bytebutton/set_irq_enable.png
.. |get_irq_enable.png| image:: https://static-cdn.m5stack.com/mpy_docs/unit/bytebutton/get_irq_enable.png
.. |save_to_flash.png| image:: https://static-cdn.m5stack.com/mpy_docs/unit/bytebutton/save_to_flash.png
.. |get_firmware_version.png| image:: https://static-cdn.m5stack.com/mpy_docs/unit/bytebutton/get_firmware_version.png
.. |set_i2c_address.png| image:: https://static-cdn.m5stack.com/mpy_docs/unit/bytebutton/set_i2c_address.png
.. |get_i2c_address.png| image:: https://static-cdn.m5stack.com/mpy_docs/unit/bytebutton/get_i2c_address.png

.. |example.png| image:: https://static-cdn.m5stack.com/mpy_docs/unit/bytebutton/example.png

.. |bytebutton_cores3_example.m5f2| raw:: html

    <a
        href="https://uiflow2.m5stack.com/?example=https://raw.githubusercontent.com/m5stack/uiflow-micropython/develop/examples/unit/bytebutton/bytebutton_cores3_example.m5f2"
        target="_blank"
    >
        bytebutton_cores3_example.m5f2
    </a>

