.. |Dual_Button| image:: https://static-cdn.m5stack.com/resource/docs/products/unit/dual_button/dual_button_01.webp
    :target: https://docs.m5stack.com/en/unit/dual_button
    :height: 200px
    :width: 200 px


.. |example.svg| image:: https://static-cdn.m5stack.com/mpy_docs/unit/dual_button/example.svg

.. |init.svg| image:: https://static-cdn.m5stack.com/mpy_docs/unit/dual_button/init.svg

.. |get_status.svg| image:: https://static-cdn.m5stack.com/mpy_docs/unit/dual_button/get_status.svg

.. |setCallback.svg| image:: https://static-cdn.m5stack.com/mpy_docs/unit/dual_button/setCallback.svg

.. |tick.svg| image:: https://static-cdn.m5stack.com/mpy_docs/unit/dual_button/tick.svg


.. |dual_button_core_example.m5f2| raw:: html

    <a href="https://uiflow2.m5stack.com/?example=https://raw.githubusercontent.com/m5stack/uiflow-micropython/develop/m5f2_examples/unit/dual_button/dual_button_core_example.m5f2" target="_blank">dual_button_core_example.m5f2</a>

