
.. |FlashLightUnit| image:: https://static-cdn.m5stack.com/resource/docs/products/unit/FlashLight/img-ded1dc49-1697-43d2-857e-551bbb664eda.webp
    :target: https://docs.m5stack.com/en/unit/FlashLight
    :height: 200px
    :width: 200px

.. |init.svg| image:: https://static-cdn.m5stack.com/mpy_docs/unit/flash_light/init.svg
.. |flash.svg| image:: https://static-cdn.m5stack.com/mpy_docs/unit/flash_light/flash.svg

.. |example.svg| image:: https://static-cdn.m5stack.com/mpy_docs/unit/flash_light/example.svg

