.. |example.svg| image:: ../../_static/widgets/example.svg

.. |setBrightness.svg| image:: https://m5stack.oss-cn-shenzhen.aliyuncs.com/mpy_docs/widgets/screen/setBrightness.svg

.. |fillScreen.svg| image:: https://m5stack.oss-cn-shenzhen.aliyuncs.com/mpy_docs/widgets/screen/fillScreen.svg

.. |setRotation.svg| image:: https://m5stack.oss-cn-shenzhen.aliyuncs.com/mpy_docs/widgets/screen/setRotation.svg
