.. |ATOMSocketBase| image:: https://static-cdn.m5stack.com/resource/docs/products/atom/atom_socket/atom_socket_01.webp
    :target: https://docs.m5stack.com/en/atom/atom_socket
    :height: 200px
    :width: 200 px

.. |init.svg| image:: https://static-cdn.m5stack.com/mpy_docs/atom/atom_socket/init.svg

.. |set_relay.svg| image:: https://static-cdn.m5stack.com/mpy_docs/atom/atom_socket/set_relay.svg

.. |get_data.svg| image:: https://static-cdn.m5stack.com/mpy_docs/atom/atom_socket/get_data.svg

.. |get_voltage.svg| image:: https://static-cdn.m5stack.com/mpy_docs/atom/atom_socket/get_voltage.svg

.. |get_current.svg| image:: https://static-cdn.m5stack.com/mpy_docs/atom/atom_socket/get_current.svg

.. |get_power.svg| image:: https://static-cdn.m5stack.com/mpy_docs/atom/atom_socket/get_power.svg

.. |get_pf.svg| image:: https://static-cdn.m5stack.com/mpy_docs/atom/atom_socket/get_pf.svg

.. |get_inspecting_power.svg| image:: https://static-cdn.m5stack.com/mpy_docs/atom/atom_socket/get_inspecting_power.svg

.. |get_power_factor.svg| image:: https://static-cdn.m5stack.com/mpy_docs/atom/atom_socket/get_power_factor.svg

.. |get_kwh.svg| image:: https://static-cdn.m5stack.com/mpy_docs/atom/atom_socket/get_kwh.svg

.. |receive_none_block.svg| image:: https://static-cdn.m5stack.com/mpy_docs/atom/atom_socket/receive_none_block.svg

.. |stop_receive_data.svg| image:: https://static-cdn.m5stack.com/mpy_docs/atom/atom_socket/stop_receive_data.svg

.. |example.svg| image:: https://static-cdn.m5stack.com/mpy_docs/atom/atom_socket/example.svg
