.. |applist.png| image:: ../../_static/controllers/cardputer/applist.png

.. |apprun.png| image:: ../../_static/controllers/cardputer/apprun.png

.. |develop.png| image:: ../../_static/controllers/cardputer/develop.png

.. |launcher.png| image:: ../../_static/controllers/cardputer/launcher.png

.. |setting.png| image:: ../../_static/controllers/cardputer/setting.png