.. |DisplayModule| image:: https://static-cdn.m5stack.com/resource/docs/products/module/Display%20Module%2013.2/img-cec9dc43-a087-44da-a219-831f70b19314.webp
    :target: https://docs.m5stack.com/en/module/Display%20Module%2013.2
    :height: 200px
    :width: 200px

.. |example.svg| image:: https://static-cdn.m5stack.com/mpy_docs/module/display/example.svg
