.. |DualKmeter Module13.2| image:: https://static-cdn.m5stack.com/resource/docs/products/module/DualKmeter%20Module13.2/img-91942504-2fb3-4d8e-90d2-fbf0761bb1d1.webp
    :target: https://docs.m5stack.com/zh_CN/module/DualKmeter%20Module13.2

.. |example.svg| image:: ../../_static/module/dualkmeter/example.svg

.. |init.svg| image:: https://m5stack.oss-cn-shenzhen.aliyuncs.com/mpy_docs/module/dualkmeter/init.svg

.. |get_thermocouple_temperature.svg| image:: https://m5stack.oss-cn-shenzhen.aliyuncs.com/mpy_docs/module/dualkmeter/get_thermocouple_temperature.svg

.. |get_kmeter_temperature.svg| image:: https://m5stack.oss-cn-shenzhen.aliyuncs.com/mpy_docs/module/dualkmeter/get_kmeter_temperature.svg

.. |get_kmeter_channel.svg| image:: https://m5stack.oss-cn-shenzhen.aliyuncs.com/mpy_docs/module/dualkmeter/get_kmeter_channel.svg

.. |set_kmeter_channel.svg| image:: https://m5stack.oss-cn-shenzhen.aliyuncs.com/mpy_docs/module/dualkmeter/set_kmeter_channel.svg

.. |is_ready.svg| image:: https://m5stack.oss-cn-shenzhen.aliyuncs.com/mpy_docs/module/dualkmeter/is_ready.svg

.. |get_thermocouple_temperature_string.svg| image:: https://m5stack.oss-cn-shenzhen.aliyuncs.com/mpy_docs/module/dualkmeter/get_thermocouple_temperature_string.svg

.. |get_kmeter_temperature_string.svg| image:: https://m5stack.oss-cn-shenzhen.aliyuncs.com/mpy_docs/module/dualkmeter/get_kmeter_temperature_string.svg

.. |get_fw_ver.svg| image:: https://m5stack.oss-cn-shenzhen.aliyuncs.com/mpy_docs/module/dualkmeter/get_fw_ver.svg
