.. |WEIGHT I2C| image:: https://static-cdn.m5stack.com/resource/docs/products/unit/Unit-Weight%20I2C/img-0634712b-2a27-48cf-894f-d6708a771d47.webp
    :target: https://docs.m5stack.com/en/unit/Unit-Weight%20I2C
    :height: 200px
    :width: 200 px

.. |init_i2c_address.svg| image:: https://static-cdn.m5stack.com/mpy_docs/unit/weight_i2c/init.svg

.. |get_adc_raw.svg| image:: https://static-cdn.m5stack.com/mpy_docs/unit/weight_i2c/get_adc_raw.svg

.. |get_weight_float.svg| image:: https://static-cdn.m5stack.com/mpy_docs/unit/weight_i2c/get_weight_float.svg

.. |get_weight_int.svg| image:: https://static-cdn.m5stack.com/mpy_docs/unit/weight_i2c/get_weight_int.svg

.. |get_weight_str.svg| image:: https://static-cdn.m5stack.com/mpy_docs/unit/weight_i2c/get_weight_str.svg

.. |set_reset_offset.svg| image:: https://static-cdn.m5stack.com/mpy_docs/unit/weight_i2c/set_reset_offset.svg

.. |set_calibration.svg| image:: https://static-cdn.m5stack.com/mpy_docs/unit/weight_i2c/set_calibration.svg

.. |set_lowpass_filter.svg| image:: https://static-cdn.m5stack.com/mpy_docs/unit/weight_i2c/set_lowpass_filter.svg

.. |get_lowpass_filter.svg| image:: https://static-cdn.m5stack.com/mpy_docs/unit/weight_i2c/get_lowpass_filter.svg

.. |set_average_filter_level.svg| image:: https://static-cdn.m5stack.com/mpy_docs/unit/weight_i2c/set_average_filter_level.svg

.. |get_average_filter_level.svg| image:: https://static-cdn.m5stack.com/mpy_docs/unit/weight_i2c/get_average_filter_level.svg

.. |set_ema_filter_alpha.svg| image:: https://static-cdn.m5stack.com/mpy_docs/unit/weight_i2c/set_ema_filter_alpha.svg

.. |get_ema_filter_alpha.svg| image:: https://static-cdn.m5stack.com/mpy_docs/unit/weight_i2c/get_ema_filter_alpha.svg

.. |set_i2c_address.svg| image:: https://static-cdn.m5stack.com/mpy_docs/unit/weight_i2c/set_i2c_address.svg

.. |get_device_spec.svg| image:: https://static-cdn.m5stack.com/mpy_docs/unit/weight_i2c/get_device_spec.svg

.. |example.svg| image:: https://static-cdn.m5stack.com/mpy_docs/unit/weight_i2c/example.svg
