.. |ENV| image:: https://static-cdn.m5stack.com/resource/docs/products/unit/env/env_01.webp
    :target: https://docs.m5stack.com/en/unit/env

.. |ENV II| image:: https://static-cdn.m5stack.com/resource/docs/products/unit/envII/envII_01.webp
    :target: https://docs.m5stack.com/en/unit/envII

.. |ENV III| image:: https://static-cdn.m5stack.com/resource/docs/products/unit/envIII/envIII_01.webp
    :target: https://docs.m5stack.com/en/unit/envIII

.. |example.svg| image:: ../../_static/unit/env/example.svg

.. |init.svg| image:: https://m5stack.oss-cn-shenzhen.aliyuncs.com/mpy_docs/unit/env/init.svg

.. |read_temperature.svg| image:: https://m5stack.oss-cn-shenzhen.aliyuncs.com/mpy_docs/unit/env/read_temperature.svg

.. |read_humidity.svg| image:: https://m5stack.oss-cn-shenzhen.aliyuncs.com/mpy_docs/unit/env/read_humidity.svg

.. |read_pressure.svg| image:: https://m5stack.oss-cn-shenzhen.aliyuncs.com/mpy_docs/unit/env/read_pressure.svg
