.. |setColor.svg| image:: ../../_static/widgets/label/setColor.svg

.. |setCursor.svg| image:: ../../_static/widgets/label/setCursor.svg

.. |setFont.svg| image:: ../../_static/widgets/label/setFont.svg

.. |setSize.svg| image:: ../../_static/widgets/label/setSize.svg

.. |setText.svg| image:: ../../_static/widgets/label/setText.svg

.. |setVisible.svg| image:: ../../_static/widgets/label/setVisible.svg
