.. |example.svg| image:: ../../_static/widgets/label/example.svg

.. |setColor.svg| image:: https://static-cdn.m5stack.com/mpy_docs/widgets/label/setColor.svg

.. |setCursor.svg| image:: https://static-cdn.m5stack.com/mpy_docs/widgets/label/setCursor.svg

.. |setFont.svg| image:: https://static-cdn.m5stack.com/mpy_docs/widgets/label/setFont.svg

.. |setSize.svg| image:: https://static-cdn.m5stack.com/mpy_docs/widgets/label/setSize.svg

.. |setText.svg| image:: https://static-cdn.m5stack.com/mpy_docs/widgets/label/setText.svg

.. |setVisible.svg| image:: https://static-cdn.m5stack.com/mpy_docs/widgets/label/setVisible.svg
