.. |take_photo_example.png| image:: https://static-cdn.m5stack.com/mpy_docs/advanced/openmv/take_photo_example.png
.. |encode.png| image:: https://static-cdn.m5stack.com/mpy_docs/advanced/openmv/jpg/encode.png
.. |decode.png| image:: https://static-cdn.m5stack.com/mpy_docs/advanced/openmv/jpg/decode.png
 
.. |take_photo_example.m5f2| raw:: html

    <a
        href="https://uiflow2.m5stack.com/?example=https://raw.githubusercontent.com/m5stack/uiflow-micropython/develop/examples/advanced/camera/take_photo_example.m5f2"
        target="_blank"
    >
        take_photo_example.m5f2
    </a>   
