..  |Atom DTU LoRaWAN470| image:: https://static-cdn.m5stack.com/resource/docs/products/atom/atom_dtu_lorawan470/atom_dtu_lorawan470_01.webp
    :target: https://docs.m5stack.com/en/atom/atom_dtu_lorawan470
    :height: 200px
    :width: 200px

.. |Atom DTU LoRaWAN868| image:: https://static-cdn.m5stack.com/resource/docs/products/atom/atom_dtu_lorawan868/atom_dtu_lorawan868_01.webp
    :target: https://docs.m5stack.com/en/atom/atom_dtu_lorawan868
    :height: 200px
    :width: 200px

..  |Atom DTU LoRaWAN915| image:: https://static-cdn.m5stack.com/resource/docs/products/atom/atom_dtu_lorawan915/atom_dtu_lorawan915_01.webp
    :target: https://docs.m5stack.com/en/atom/atom_dtu_lorawan915
    :height: 200px
    :width: 200px


.. |init.png| image:: https://static-cdn.m5stack.com/mpy_docs/base/lorawan470/init.png

.. |get_abp_config.png| image:: https://static-cdn.m5stack.com/mpy_docs/base/lorawan470/get_abp_config.png
.. |get_otaa_config.png| image:: https://static-cdn.m5stack.com/mpy_docs/base/lorawan470/get_otaa_config.png
.. |check_join_status.png| image:: https://static-cdn.m5stack.com/mpy_docs/base/lorawan470/check_join_status.png
.. |check_uplink_status.png| image:: https://static-cdn.m5stack.com/mpy_docs/base/lorawan470/check_uplink_status.png
.. |check_downlink_data.png| image:: https://static-cdn.m5stack.com/mpy_docs/base/lorawan470/check_downlink_data.png
.. |uart_port_id.png| image:: https://static-cdn.m5stack.com/mpy_docs/base/lorawan470/uart_port_id.png
.. |config_otaa.png| image:: https://static-cdn.m5stack.com/mpy_docs/base/lorawan470/config_otaa.png
.. |config_abp.png| image:: https://static-cdn.m5stack.com/mpy_docs/base/lorawan470/config_abp.png
.. |config.png| image:: https://static-cdn.m5stack.com/mpy_docs/base/lorawan470/config.png
.. |set_rx_window_param.png| image:: https://static-cdn.m5stack.com/mpy_docs/base/lorawan470/set_rx_window_param.png
.. |set_class_mode.png| image:: https://static-cdn.m5stack.com/mpy_docs/base/lorawan470/set_class_mode.png
.. |set_uplink_downlink_mode.png| image:: https://static-cdn.m5stack.com/mpy_docs/base/lorawan470/set_uplink_downlink_mode.png
.. |set_join_mode.png| image:: https://static-cdn.m5stack.com/mpy_docs/base/lorawan470/set_join_mode.png
.. |join.png| image:: https://static-cdn.m5stack.com/mpy_docs/base/lorawan470/start_join.png
.. |join_stop.png| image:: https://static-cdn.m5stack.com/mpy_docs/base/lorawan470/stop_join.png
.. |set_uplink_app_port.png| image:: https://static-cdn.m5stack.com/mpy_docs/base/lorawan470/set_uplink_app_port.png
.. |send_data.png| image:: https://static-cdn.m5stack.com/mpy_docs/base/lorawan470/send_data.png

.. |example.png| image:: https://static-cdn.m5stack.com/mpy_docs/base/lorawan470/example.png

.. |atoms3r_dtu_lorawan_example.m5f2| raw:: html

    <a
        href="https://uiflow2.m5stack.com/?example=https://raw.githubusercontent.com/m5stack/uiflow-micropython/develop/examples/base/dtu_lorawan/atoms3r_dtu_lorawan_example.m5f2"
        target="_blank"
    >
        atoms3r_dtu_lorawan_example.m5f2
    </a>