.. |applist.png| image:: ../../_static/controllers/dinmeter/applist.png

.. |apprun.png| image:: ../../_static/controllers/dinmeter/apprun.png

.. |develop.png| image:: ../../_static/controllers/dinmeter/develop.png

.. |launcher.png| image:: ../../_static/controllers/dinmeter/launcher.png

.. |setting.png| image:: ../../_static/controllers/dinmeter/setting.png

.. |wlan.png| image:: ../../_static/controllers/dinmeter/wlan.png

.. |general.png| image:: ../../_static/controllers/dinmeter/general.png
