.. |init.png| image:: https://static-cdn.m5stack.com/mpy_docs/hardware/can/init.png

.. |deinit.png| image:: https://static-cdn.m5stack.com/mpy_docs/hardware/can/deinit.png

.. |restart.png| image:: https://static-cdn.m5stack.com/mpy_docs/hardware/can/restart.png

.. |state.png| image:: https://static-cdn.m5stack.com/mpy_docs/hardware/can/get_state.png

.. |info.png| image:: https://static-cdn.m5stack.com/mpy_docs/hardware/can/get_info.png

.. |any.png| image:: https://static-cdn.m5stack.com/mpy_docs/hardware/can/any.png

.. |recv1.png| image:: https://static-cdn.m5stack.com/mpy_docs/hardware/can/recv_message.png

.. |recv2.png| image:: https://static-cdn.m5stack.com/mpy_docs/hardware/can/recv_message_into.png

.. |send.png| image:: https://static-cdn.m5stack.com/mpy_docs/hardware/can/send.png
