
.. |get_config_boolean.png| image:: https://static-cdn.m5stack.com/mpy_docs/hardware/microphone/get_config_boolean.png

.. |get_config_int.png| image:: https://static-cdn.m5stack.com/mpy_docs/hardware/microphone/get_config_int.png

.. |set_config_int.png| image:: https://static-cdn.m5stack.com/mpy_docs/hardware/microphone/set_config_int.png

.. |set_config_boolean.png| image:: https://static-cdn.m5stack.com/mpy_docs/hardware/microphone/set_config_boolean.png

.. |begin.png| image:: https://static-cdn.m5stack.com/mpy_docs/hardware/microphone/begin.png

.. |end.png| image:: https://static-cdn.m5stack.com/mpy_docs/hardware/microphone/end.png

.. |isRunning.png| image:: https://static-cdn.m5stack.com/mpy_docs/hardware/microphone/isRunning.png

.. |isEnabled.png| image:: https://static-cdn.m5stack.com/mpy_docs/hardware/microphone/isEnabled.png

.. |isRecording.png| image:: https://static-cdn.m5stack.com/mpy_docs/hardware/microphone/isRecording.png

.. |setSampleRate.png| image:: https://static-cdn.m5stack.com/mpy_docs/hardware/microphone/setSampleRate.png

.. |record.png| image:: https://static-cdn.m5stack.com/mpy_docs/hardware/microphone/record.png

.. |example.png| image:: https://static-cdn.m5stack.com/mpy_docs/hardware/microphone/example.png

.. |cores3_mic_example.m5f2| raw:: html

    <a
        href="https://uiflow2.m5stack.com/?pkey=e1d3556776dd425a9dd8b46ec5984bea"
        target="_blank"
    >
        cores3_mic_example.m5f2
    </a>