
.. |init.png| image:: https://static-cdn.m5stack.com/mpy_docs/hardware/wdt/init.png

.. |feed.png| image:: https://static-cdn.m5stack.com/mpy_docs/hardware/wdt/feed.png

.. |example.png| image:: https://static-cdn.m5stack.com/mpy_docs/hardware/wdt/example.png

.. |wdt_cores3_example.m5f2| raw:: html

    <a
        href="https://uiflow2.m5stack.com/?example=https://raw.githubusercontent.com/m5stack/uiflow-micropython/develop/examples/hardware/wdt/wdt_cores3_example.m5f2"
        target="_blank"
    >
        wdt_cores3_example.m5f2
    </a>
