.. |init.png| image:: https://static-cdn.m5stack.com/mpy_docs/hardware/sen55/init.png
.. |set_power_state.png| image:: https://static-cdn.m5stack.com/mpy_docs/hardware/sen55/set_power_state.png
.. |get_power_state.png| image:: https://static-cdn.m5stack.com/mpy_docs/hardware/sen55/get_power_state.png
.. .. |available.png| image:: https://static-cdn.m5stack.com/mpy_docs/hardware/sen55/available.png
.. |set_work_mode.png| image:: https://static-cdn.m5stack.com/mpy_docs/hardware/sen55/set_work_mode.png
.. .. |get_sensor_data.png| image:: https://static-cdn.m5stack.com/mpy_docs/hardware/sen55/get_sensor_data.png
.. |get_data_ready_flag.png| image:: https://static-cdn.m5stack.com/mpy_docs/hardware/sen55/get_data_ready_flag.png
.. .. |set_temp_cmp_params.png| image:: https://static-cdn.m5stack.com/mpy_docs/hardware/sen55/set_temp_cmp_params.png
.. .. |get_temp_cmp_params.png| image:: https://static-cdn.m5stack.com/mpy_docs/hardware/sen55/get_temp_cmp_params.png
.. .. |set_warm_start_param.png| image:: https://static-cdn.m5stack.com/mpy_docs/hardware/sen55/set_warm_start_param.png
.. .. |get_warm_start_param.png| image:: https://static-cdn.m5stack.com/mpy_docs/hardware/sen55/get_warm_start_param.png
.. .. |set_voc_algo_tuning_params.png| image:: https://static-cdn.m5stack.com/mpy_docs/hardware/sen55/set_voc_algo_tuning_params.png
.. .. |get_voc_algo_tuning_params.png| image:: https://static-cdn.m5stack.com/mpy_docs/hardware/sen55/get_voc_algo_tuning_params.png
.. .. |set_nox_algo_tuning_params.png| image:: https://static-cdn.m5stack.com/mpy_docs/hardware/sen55/set_nox_algo_tuning_params.png
.. .. |get_nox_algo_tuning_params.png| image:: https://static-cdn.m5stack.com/mpy_docs/hardware/sen55/get_nox_algo_tuning_params.png
.. .. |set_rht_acceleration_mode.png| image:: https://static-cdn.m5stack.com/mpy_docs/hardware/sen55/set_rht_acceleration_mode.png
.. .. |get_rht_acceleration_mode.png| image:: https://static-cdn.m5stack.com/mpy_docs/hardware/sen55/get_rht_acceleration_mode.png
.. .. |get_voc_algo_state.png| image:: https://static-cdn.m5stack.com/mpy_docs/hardware/sen55/get_voc_algo_state.png
.. .. |set_voc_algo_state.png| image:: https://static-cdn.m5stack.com/mpy_docs/hardware/sen55/set_voc_algo_state.png
.. .. |set_start_fan_cleaning.png| image:: https://static-cdn.m5stack.com/mpy_docs/hardware/sen55/set_start_fan_cleaning.png
.. .. |get_auto_cleaning_interval.png| image:: https://static-cdn.m5stack.com/mpy_docs/hardware/sen55/get_auto_cleaning_interval.png
.. .. |set_auto_cleaning_interval.png| image:: https://static-cdn.m5stack.com/mpy_docs/hardware/sen55/set_auto_cleaning_interval.png
.. .. |get_device_status.png| image:: https://static-cdn.m5stack.com/mpy_docs/hardware/sen55/get_device_status.png
.. .. |clear_device_status.png| image:: https://static-cdn.m5stack.com/mpy_docs/hardware/sen55/clear_device_status.png
.. .. |get_serial_number.png| image:: https://static-cdn.m5stack.com/mpy_docs/hardware/sen55/get_serial_number.png
.. .. |get_product_name.png| image:: https://static-cdn.m5stack.com/mpy_docs/hardware/sen55/get_product_name.png
.. .. |send_cmd.png| image:: https://static-cdn.m5stack.com/mpy_docs/hardware/sen55/send_cmd.png
.. .. |read_response.png| image:: https://static-cdn.m5stack.com/mpy_docs/hardware/sen55/read_response.png
.. .. |check_crc.png| image:: https://static-cdn.m5stack.com/mpy_docs/hardware/sen55/check_crc.png
.. .. |crc8.png| image:: https://static-cdn.m5stack.com/mpy_docs/hardware/sen55/crc8.png
.. |get_pm1_0.png| image:: https://static-cdn.m5stack.com/mpy_docs/hardware/sen55/get_pm1_0.png
.. |get_pm2_5.png| image:: https://static-cdn.m5stack.com/mpy_docs/hardware/sen55/get_pm2_5.png
.. |get_pm4_0.png| image:: https://static-cdn.m5stack.com/mpy_docs/hardware/sen55/get_pm4_0.png
.. |get_pm10_0.png| image:: https://static-cdn.m5stack.com/mpy_docs/hardware/sen55/get_pm10_0.png
.. |get_humidity.png| image:: https://static-cdn.m5stack.com/mpy_docs/hardware/sen55/get_humidity.png
.. |get_temperature.png| image:: https://static-cdn.m5stack.com/mpy_docs/hardware/sen55/get_temperature.png
.. |get_voc.png| image:: https://static-cdn.m5stack.com/mpy_docs/hardware/sen55/get_voc.png
.. |get_nox.png| image:: https://static-cdn.m5stack.com/mpy_docs/hardware/sen55/get_nox.png

.. |example.png| image:: https://static-cdn.m5stack.com/mpy_docs/hardware/sen55/example.png


.. |airq_sen55_example.m5f2| raw:: html

    <a
        href="https://uiflow2.m5stack.com/?example=https://raw.githubusercontent.com/m5stack/uiflow-micropython/develop/examples/hardware/sen55/airq_sen55_example.m5f2"
        target="_blank"
    >
        airq_sen55_example.m5f2
    </a>