
.. |ServoHat| image:: https://static-cdn.m5stack.com/resource/docs/products/hat/hat-servo/hat-servo_01.webp
    :target: https://docs.m5stack.com/en/hat/hat-servo
    :height: 200px
    :width: 200px

.. |init.png| image:: https://static-cdn.m5stack.com/mpy_docs/hat/servo/init.png
.. |set_duty.png| image:: https://static-cdn.m5stack.com/mpy_docs/hat/servo/set_duty.png
.. |set_percent.png| image:: https://static-cdn.m5stack.com/mpy_docs/hat/servo/set_percent.png
.. |deinit.png| image:: https://static-cdn.m5stack.com/mpy_docs/hat/servo/deinit.png

.. |example.png| image:: https://static-cdn.m5stack.com/mpy_docs/hat/servo/example.png

