.. |LoRa-1262 Module| image:: https://m5stack-doc.oss-cn-shenzhen.aliyuncs.com/1277/M149_Module13.2_LoRa-1262_main_pictures_01.png
    :target: https://docs.m5stack.com/enproducts/sku/M149
    :height: 200px
    :width: 200px

.. |init.png| image:: https://static-cdn.m5stack.com/mpy_docs/module/lora1262/init.png
.. |irq_triggered.png| image:: https://static-cdn.m5stack.com/mpy_docs/module/lora1262/irq_triggered.png
.. |receive_event.png| image:: https://static-cdn.m5stack.com/mpy_docs/module/lora1262/receive_event.png
.. |recv.png| image:: https://static-cdn.m5stack.com/mpy_docs/module/lora1262/recv.png
.. |recv_data_param.png| image:: https://static-cdn.m5stack.com/mpy_docs/module/lora1262/recv_data_param.png
.. |rx_example.png| image:: https://static-cdn.m5stack.com/mpy_docs/module/lora1262/rx_example.png
.. |send.png| image:: https://static-cdn.m5stack.com/mpy_docs/module/lora1262/send.png
.. |send_event.png| image:: https://static-cdn.m5stack.com/mpy_docs/module/lora1262/send_event.png
.. |send_return.png| image:: https://static-cdn.m5stack.com/mpy_docs/module/lora1262/send_return.png
.. |send_with_time_return.png| image:: https://static-cdn.m5stack.com/mpy_docs/module/lora1262/send_with_time_return.png
.. |set_bw.png| image:: https://static-cdn.m5stack.com/mpy_docs/module/lora1262/set_bw.png
.. |set_coding_rate.png| image:: https://static-cdn.m5stack.com/mpy_docs/module/lora1262/set_coding_rate.png
.. |set_freq.png| image:: https://static-cdn.m5stack.com/mpy_docs/module/lora1262/set_freq.png
.. |set_output_power.png| image:: https://static-cdn.m5stack.com/mpy_docs/module/lora1262/set_output_power.png
.. |set_preamble_len.png| image:: https://static-cdn.m5stack.com/mpy_docs/module/lora1262/set_preamble_len.png
.. |set_sf.png| image:: https://static-cdn.m5stack.com/mpy_docs/module/lora1262/set_sf.png
.. |set_syncword.png| image:: https://static-cdn.m5stack.com/mpy_docs/module/lora1262/set_syncword.png
.. |sleep.png| image:: https://static-cdn.m5stack.com/mpy_docs/module/lora1262/sleep.png
.. |standby.png| image:: https://static-cdn.m5stack.com/mpy_docs/module/lora1262/standby.png
.. |start_recv.png| image:: https://static-cdn.m5stack.com/mpy_docs/module/lora1262/start_recv.png
.. |tx_example.png| image:: https://static-cdn.m5stack.com/mpy_docs/module/lora1262/tx_example.png

.. |cores3_lora1262_tx_example.m5f2| raw:: html

    <a
        href="https://uiflow2.m5stack.com/?example=https://raw.githubusercontent.com/m5stack/uiflow-micropython/develop/examples/module/lora1262/cores3_lora1262_tx_example.m5f2"
        target="_blank"
    >
        cores3_lora1262_tx_example.m5f2
    </a>

.. |cores3_lora1262_rx_example.m5f2| raw:: html

    <a
        href="https://uiflow2.m5stack.com/?example=https://raw.githubusercontent.com/m5stack/uiflow-micropython/develop/examples/module/lora1262/cores3_lora1262_rx_example.m5f2"
        target="_blank"
    >
        cores3_lora1262_rx_example.m5f2
    </a>
