.. |usb-mode-1.gif| image:: ../../_static/quick-reference/usb-mode/usb-mode-1.gif
.. |usb-mode-2.gif| image:: ../../_static/quick-reference/usb-mode/usb-mode-2.gif
.. |usb-mode-3.gif| image:: ../../_static/quick-reference/usb-mode/usb-mode-3.gif
.. |usb-mode-4.gif| image:: ../../_static/quick-reference/usb-mode/usb-mode-4.gif
.. |usb-mode-5.gif| image:: ../../_static/quick-reference/usb-mode/usb-mode-5.gif
.. |usb-mode-6.gif| image:: ../../_static/quick-reference/usb-mode/usb-mode-6.gif
.. |usb-mode-7.gif| image:: ../../_static/quick-reference/usb-mode/usb-mode-7.gif
.. |usb-mode-8.gif| image:: ../../_static/quick-reference/usb-mode/usb-mode-8.gif

.. |setImage.png| image:: https://static-cdn.m5stack.com/mpy_docs/widgets/image/setImage.png
