.. _umqtt.simple: https://github.com/micropython/micropython-lib/blob/master/micropython/umqtt.simple/README.rst

.. |umqtt.simple| replace:: documentation

.. _umqtt.robust: https://github.com/micropython/micropython-lib/blob/master/micropython/umqtt.robust/README.rst

.. |umqtt.robust| replace:: documentation

.. _umqtt.default: ./umqtt.default.rst

.. |umqtt.default| replace:: documentation
