.. |Stamp UWB| image:: https://m5stack-doc.oss-cn-shenzhen.aliyuncs.com/1145/coming-soon.png
    :target: https://docs.m5stack.com/en/products/sku/S017
    :height: 200px
    :width: 200px

.. |init.png| image:: https://static-cdn.m5stack.com/mpy_docs/stamp/uwb/init.png
.. |constant_option.png| image:: https://static-cdn.m5stack.com/mpy_docs/stamp/uwb/constant_option.png
.. |configure.png| image:: https://static-cdn.m5stack.com/mpy_docs/stamp/uwb/configure.png
.. |configure_tx_rf.png| image:: https://static-cdn.m5stack.com/mpy_docs/stamp/uwb/configure_tx_rf.png
.. |set_antenna_delay.png| image:: https://static-cdn.m5stack.com/mpy_docs/stamp/uwb/set_antenna_delay.png
.. |set_lna_pa.png| image:: https://static-cdn.m5stack.com/mpy_docs/stamp/uwb/set_lna_pa.png
.. |set_rx_after_tx_delay.png| image:: https://static-cdn.m5stack.com/mpy_docs/stamp/uwb/set_rx_after_tx_delay.png
.. |set_rx_timeout.png| image:: https://static-cdn.m5stack.com/mpy_docs/stamp/uwb/set_rx_timeout.png
.. |set_preamble_timeout.png| image:: https://static-cdn.m5stack.com/mpy_docs/stamp/uwb/set_preamble_timeout.png
.. |write_tx_frame.png| image:: https://static-cdn.m5stack.com/mpy_docs/stamp/uwb/write_tx_frame.png
.. |set_delayed_trx_time.png| image:: https://static-cdn.m5stack.com/mpy_docs/stamp/uwb/set_delayed_trx_time.png
.. |start_tx.png| image:: https://static-cdn.m5stack.com/mpy_docs/stamp/uwb/start_tx.png
.. |rx_enable.png| image:: https://static-cdn.m5stack.com/mpy_docs/stamp/uwb/rx_enable.png
.. |wait_status.png| image:: https://static-cdn.m5stack.com/mpy_docs/stamp/uwb/wait_status.png
.. |read_status.png| image:: https://static-cdn.m5stack.com/mpy_docs/stamp/uwb/read_status.png
.. |clear_status.png| image:: https://static-cdn.m5stack.com/mpy_docs/stamp/uwb/clear_status.png
.. |force_trx_off.png| image:: https://static-cdn.m5stack.com/mpy_docs/stamp/uwb/force_trx_off.png
.. |frame_length.png| image:: https://static-cdn.m5stack.com/mpy_docs/stamp/uwb/frame_length.png
.. |read_rx_frame.png| image:: https://static-cdn.m5stack.com/mpy_docs/stamp/uwb/read_rx_frame.png
.. |tx_timestamp.png| image:: https://static-cdn.m5stack.com/mpy_docs/stamp/uwb/tx_timestamp.png
.. |rx_timestamp.png| image:: https://static-cdn.m5stack.com/mpy_docs/stamp/uwb/rx_timestamp.png
.. |system_timestamp.png| image:: https://static-cdn.m5stack.com/mpy_docs/stamp/uwb/system_timestamp.png
.. |reset.png| image:: https://static-cdn.m5stack.com/mpy_docs/stamp/uwb/reset.png
.. |wakeup.png| image:: https://static-cdn.m5stack.com/mpy_docs/stamp/uwb/wakeup.png
.. |deinit.png| image:: https://static-cdn.m5stack.com/mpy_docs/stamp/uwb/deinit.png
.. |simple_tag_example.png| image:: https://static-cdn.m5stack.com/mpy_docs/stamp/uwb/simple_tag_example.png
.. |simple_anchor_example.png| image:: https://static-cdn.m5stack.com/mpy_docs/stamp/uwb/simple_anchor_example.png

.. |stampc5_uwb_simple_anchor.m5f2| raw:: html

    <a
        href="https://uiflow2.m5stack.com/?example=https://raw.githubusercontent.com/m5stack/uiflow-micropython/develop/examples/stamp/uwb/stampc5_uwb_simple_anchor.m5f2"
        target="_blank"
    >
        stampc5_uwb_simple_anchor.m5f2
    </a>

.. |stampc5_uwb_simple_tag.m5f2| raw:: html

    <a
        href="https://uiflow2.m5stack.com/?example=https://raw.githubusercontent.com/m5stack/uiflow-micropython/develop/examples/stamp/uwb/stampc5_uwb_simple_tag.m5f2"
        target="_blank"
    >
        stampc5_uwb_simple_tag.m5f2
    </a>
