.. |init.png| image:: https://static-cdn.m5stack.com/mpy_docs/system/audio/recorder/init.png
.. |record_local_file.png| image:: https://static-cdn.m5stack.com/mpy_docs/system/audio/recorder/record_local_file.png
.. |record_sdcard_file.png| image:: https://static-cdn.m5stack.com/mpy_docs/system/audio/recorder/record_sdcard_file.png
.. |create_pcm_buf.png| image:: https://static-cdn.m5stack.com/mpy_docs/system/audio/recorder/create_pcm_buf.png
.. |record_into.png| image:: https://static-cdn.m5stack.com/mpy_docs/system/audio/recorder/record_into.png
.. |pause.png| image:: https://static-cdn.m5stack.com/mpy_docs/system/audio/recorder/pause.png
.. |resume.png| image:: https://static-cdn.m5stack.com/mpy_docs/system/audio/recorder/resume.png
.. |stop.png| image:: https://static-cdn.m5stack.com/mpy_docs/system/audio/recorder/stop.png
.. |rms.png| image:: https://static-cdn.m5stack.com/mpy_docs/system/audio/recorder/rms.png
.. |volume.png| image:: https://static-cdn.m5stack.com/mpy_docs/system/audio/recorder/volume.png
.. |is_recording.png| image:: https://static-cdn.m5stack.com/mpy_docs/system/audio/recorder/is_recording.png
.. |config.png| image:: https://static-cdn.m5stack.com/mpy_docs/system/audio/recorder/config.png
