.. |ACCEL| image:: https://static-cdn.m5stack.com/resource/docs/products/unit/accel/accel_01.webp
    :target: https://docs.m5stack.com/en/unit/accel
    :height: 200px
    :width: 200px

.. |example.png| image:: https://static-cdn.m5stack.com/mpy_docs/unit/accel/example.png

.. |init.png| image:: https://static-cdn.m5stack.com/mpy_docs/unit/accel/init.png

.. |get_accel.png| image:: https://static-cdn.m5stack.com/mpy_docs/unit/accel/get_accel.png

.. |enable_motion_detection1.png| image:: https://static-cdn.m5stack.com/mpy_docs/unit/accel/enable_motion_detection.png

.. |enable_motion_detection2.png| image:: https://static-cdn.m5stack.com/mpy_docs/unit/accel/enable_motion_detection1.png

.. |disable_motion_detection.png| image:: https://static-cdn.m5stack.com/mpy_docs/unit/accel/disable_motion_detection.png

.. |is_tap.png| image:: https://static-cdn.m5stack.com/mpy_docs/unit/accel/is_tap.png

.. |is_motion.png| image:: https://static-cdn.m5stack.com/mpy_docs/unit/accel/is_motion.png

.. |is_freefall.png| image:: https://static-cdn.m5stack.com/mpy_docs/unit/accel/is_freefall.png

.. |enable_freefall_detection1.png| image:: https://static-cdn.m5stack.com/mpy_docs/unit/accel/enable_freefall_detection.png

.. |enable_freefall_detection2.png| image:: https://static-cdn.m5stack.com/mpy_docs/unit/accel/enable_freefall_detection2.png

.. |disable_freefall_detection.png| image:: https://static-cdn.m5stack.com/mpy_docs/unit/accel/disable_freefall_detection.png

.. |enable_tap_detection1.png| image:: https://static-cdn.m5stack.com/mpy_docs/unit/accel/enable_tap_detection.png

.. |enable_tap_detection2.png| image:: https://static-cdn.m5stack.com/mpy_docs/unit/accel/enable_tap_detection2.png

.. |disable_tap_detection.png| image:: https://static-cdn.m5stack.com/mpy_docs/unit/accel/disable_tap_detection.png

.. |get_data_rate.png| image:: https://static-cdn.m5stack.com/mpy_docs/unit/accel/get_data_rate.png

.. |set_data_rate.png| image:: https://static-cdn.m5stack.com/mpy_docs/unit/accel/set_data_rate.png

.. |get_range.png| image:: https://static-cdn.m5stack.com/mpy_docs/unit/accel/get_range.png

.. |set_range.png| image:: https://static-cdn.m5stack.com/mpy_docs/unit/accel/set_range.png


.. |stickcplus2_unit_accel_example.m5f2| raw:: html

    <a
        href="https://uiflow2.m5stack.com/?example=https://raw.githubusercontent.com/m5stack/uiflow-micropython/develop/examples/unit/accel/stickcplus2_unit_accel_example.m5f2"
        target="_blank"
    >
        stickcplus2_unit_accel_example.m5f2
    </a>