
.. |Grove2GroveUnit| image:: https://static-cdn.m5stack.com/resource/docs/products/unit/unit_grove2grove/unit_grove2grove_01.webp
    :target: https://docs.m5stack.com/en/unit/unit_grove2grove
    :height: 200px
    :width: 200px

.. |init.png| image:: https://static-cdn.m5stack.com/mpy_docs/unit/grove2grove/init.png
.. |get_current.png| image:: https://static-cdn.m5stack.com/mpy_docs/unit/grove2grove/get_current.png
.. |on.png| image:: https://static-cdn.m5stack.com/mpy_docs/unit/grove2grove/on.png
.. |off.png| image:: https://static-cdn.m5stack.com/mpy_docs/unit/grove2grove/off.png
.. |set_en.png| image:: https://static-cdn.m5stack.com/mpy_docs/unit/grove2grove/set_en.png

.. |example.png| image:: https://static-cdn.m5stack.com/mpy_docs/unit/grove2grove/example.png

.. |cores3_grove2_grove_example.m5f2| raw:: html

    <a
        href="https://uiflow2.m5stack.com/?example=https://raw.githubusercontent.com/m5stack/uiflow-micropython/develop/examples/unit/grove2grove/cores3_grove2_grove_example.m5f2"
        target="_blank"
    >
        cores3_grove2_grove_example.m5f2
    </a>
