.. |DCSSR Unit| image:: https://static-cdn.m5stack.com/resource/docs/products/unit/DCSSR%20Unit/img-5e00db88-b5c7-4dd9-9061-b4700dc60c6e.webp
    :target: https://docs.m5stack.com/en/unit/DCSSR%20Unit
    :height: 200px
    :width: 200 px

.. |init.png| image:: https://static-cdn.m5stack.com/mpy_docs/unit/dcssr/init.png
