
.. |GlassUnit| image:: https://static-cdn.m5stack.com/resource/docs/products/unit/Glass%20Unit/img-4384183e-b663-4dfc-bc3f-5070166c6e2b.webp
    :target: https://docs.m5stack.com/en/unit/Glass%20Unit
    :height: 200px
    :width: 200px

.. |init.png| image:: https://static-cdn.m5stack.com/mpy_docs/unit/glass/init.png

.. |example.png| image:: https://static-cdn.m5stack.com/mpy_docs/unit/glass/example.png

.. |cores3_glass_example.m5f2| raw:: html

    <a
        href="https://uiflow2.m5stack.com/?example=https://raw.githubusercontent.com/m5stack/uiflow-micropython/develop/examples/unit/glass/cores3_glass_example.m5f2"
        target="_blank"
    >
        cores3_glass_example.m5f2
    </a>
