.. |Unit DoF6| image:: https://m5stack-doc.oss-cn-shenzhen.aliyuncs.com/1145/coming-soon.png
    :target: https://docs.m5stack.com/en/products/sku/U228
    :height: 200px
    :width: 200px

.. |cores3_unit_dof6_example.m5f2| raw:: html

    <a
        href="https://uiflow2.m5stack.com/?example=https://gitlab.m5stack.com/luoweiyuan/uiflow_micropython/-/raw/feature/unit/dof6_9_10/examples/unit/dof6/cores3_unit_dof6_example.m5f2"
        target="_blank"
    >
        cores3_unit_dof6_example.m5f2
    </a>

.. |init.png| image:: https://static-cdn.m5stack.com/mpy_docs/unit/dof6/init.png
.. |get_accel.png| image:: https://static-cdn.m5stack.com/mpy_docs/unit/dof6/get_accel.png
.. |get_accel_raw.png| image:: https://static-cdn.m5stack.com/mpy_docs/unit/dof6/get_accel_raw.png
.. |get_gyro.png| image:: https://static-cdn.m5stack.com/mpy_docs/unit/dof6/get_gyro.png
.. |get_gyro_raw.png| image:: https://static-cdn.m5stack.com/mpy_docs/unit/dof6/get_gyro_raw.png
.. |get_temperature.png| image:: https://static-cdn.m5stack.com/mpy_docs/unit/dof6/get_temperature.png
.. |get_attitude.png| image:: https://static-cdn.m5stack.com/mpy_docs/unit/dof6/get_attitude.png
.. |set_accel_range.png| image:: https://static-cdn.m5stack.com/mpy_docs/unit/dof6/set_accel_range.png
.. |set_gyro_range.png| image:: https://static-cdn.m5stack.com/mpy_docs/unit/dof6/set_gyro_range.png
.. |set_accel_gyro_odr.png| image:: https://static-cdn.m5stack.com/mpy_docs/unit/dof6/set_accel_gyro_odr.png
.. |set_gyro_offsets.png| image:: https://static-cdn.m5stack.com/mpy_docs/unit/dof6/set_gyro_offsets.png
.. |calibrate_gyro.png| image:: https://static-cdn.m5stack.com/mpy_docs/unit/dof6/calibrate_gyro.png
.. |set_fusion_time_constant.png| image:: https://static-cdn.m5stack.com/mpy_docs/unit/dof6/set_fusion_time_constant.png
.. |reset_fusion.png| image:: https://static-cdn.m5stack.com/mpy_docs/unit/dof6/reset_fusion.png
.. |set_axis_mapping.png| image:: https://static-cdn.m5stack.com/mpy_docs/unit/dof6/set_axis_mapping.png

.. |example.png| image:: https://static-cdn.m5stack.com/mpy_docs/unit/dof6/example.png
